[pipeline] checking candidate patch
[pipeline] checking generated test patch
[pipeline] executing generated test command
<frozen importlib._bootstrap>:228: RuntimeWarning: numpy.ndarray size changed, may indicate binary incompatibility. Expected 80 from C header, got 96 from PyObject
ERROR: not found: /testbed/astropy/io/ascii/tests/test_qdp.py::test_mixed_case_error_commands_public_reader
(no name '/testbed/astropy/io/ascii/tests/test_qdp.py::test_mixed_case_error_commands_public_reader' in any of [<DocTestModulePlus astropy/io/ascii/tests/test_qdp.py>, <Module astropy/io/ascii/tests/test_qdp.py>])

Internet access disabled

==================================== ERRORS ====================================
[31m[1m_____________ ERROR collecting astropy/io/ascii/tests/test_qdp.py ______________[0m
[1m[31m/opt/miniconda3/envs/testbed/lib/python3.9/site-packages/_pytest/runner.py[0m:341: in from_call
    result: Optional[TResult] = func()
[1m[31m/opt/miniconda3/envs/testbed/lib/python3.9/site-packages/_pytest/runner.py[0m:372: in <lambda>
    call = CallInfo.from_call(lambda: list(collector.collect()), "collect")
[1m[31m/opt/miniconda3/envs/testbed/lib/python3.9/site-packages/pytest_doctestplus/plugin.py[0m:250: in collect
    module = import_path(fspath, root=self.config.rootpath)
[1m[31m/opt/miniconda3/envs/testbed/lib/python3.9/site-packages/_pytest/pathlib.py[0m:565: in import_path
    importlib.import_module(module_name)
[1m[31m/opt/miniconda3/envs/testbed/lib/python3.9/importlib/__init__.py[0m:127: in import_module
    return _bootstrap._gcd_import(name[level:], package, level)
[1m[31m<frozen importlib._bootstrap>[0m:1030: in _gcd_import
    ???
[1m[31m<frozen importlib._bootstrap>[0m:1007: in _find_and_load
    ???
[1m[31m<frozen importlib._bootstrap>[0m:986: in _find_and_load_unlocked
    ???
[1m[31m<frozen importlib._bootstrap>[0m:680: in _load_unlocked
    ???
[1m[31m/opt/miniconda3/envs/testbed/lib/python3.9/site-packages/_pytest/assertion/rewrite.py[0m:169: in exec_module
    source_stat, co = _rewrite_test(fn, self.config)
[1m[31m/opt/miniconda3/envs/testbed/lib/python3.9/site-packages/_pytest/assertion/rewrite.py[0m:351: in _rewrite_test
    tree = ast.parse(source, filename=strfn)
[1m[31m/opt/miniconda3/envs/testbed/lib/python3.9/ast.py[0m:50: in parse
    return compile(source, filename, mode, flags,
[1m[31mE     File "/testbed/astropy/io/ascii/tests/test_qdp.py", line 258[0m
[1m[31mE       assert np.allclose([table[name][0] for name in table.colnames],[0m
[1m[31mE                                                                      ^[0m
[1m[31mE   SyntaxError: unexpected EOF while parsing[0m
[31m[1m_____________ ERROR collecting astropy/io/ascii/tests/test_qdp.py ______________[0m
[31m/opt/miniconda3/envs/testbed/lib/python3.9/site-packages/_pytest/python.py:617: in _importtestmodule
    mod = import_path(self.path, mode=importmode, root=self.config.rootpath)
/opt/miniconda3/envs/testbed/lib/python3.9/site-packages/_pytest/pathlib.py:565: in import_path
    importlib.import_module(module_name)
/opt/miniconda3/envs/testbed/lib/python3.9/importlib/__init__.py:127: in import_module
    return _bootstrap._gcd_import(name[level:], package, level)
<frozen importlib._bootstrap>:1030: in _gcd_import
    ???
<frozen importlib._bootstrap>:1007: in _find_and_load
    ???
<frozen importlib._bootstrap>:986: in _find_and_load_unlocked
    ???
<frozen importlib._bootstrap>:680: in _load_unlocked
    ???
/opt/miniconda3/envs/testbed/lib/python3.9/site-packages/_pytest/assertion/rewrite.py:169: in exec_module
    source_stat, co = _rewrite_test(fn, self.config)
/opt/miniconda3/envs/testbed/lib/python3.9/site-packages/_pytest/assertion/rewrite.py:351: in _rewrite_test
    tree = ast.parse(source, filename=strfn)
/opt/miniconda3/envs/testbed/lib/python3.9/ast.py:50: in parse
    return compile(source, filename, mode, flags,
E     File "/testbed/astropy/io/ascii/tests/test_qdp.py", line 258
E       assert np.allclose([table[name][0] for name in table.colnames],
E                                                                      ^
E   SyntaxError: unexpected EOF while parsing[0m
[36m[1m=========================== short test summary info ============================[0m
[31mERROR[0m astropy/io/ascii/tests/test_qdp.py -   File "/testbed/astropy/io/ascii/tests/test_qdp.py", line 258
[31mERROR[0m astropy/io/ascii/tests/test_qdp.py
[31m[31m[1m2 errors[0m[31m in 0.12s[0m[0m
[pipeline] test_exit_code=4
