[pipeline] checking candidate patch
[pipeline] checking generated test patch
[pipeline] executing generated test command
Creating test database for alias 'default' ('file:memorydb_default?mode=memory&cache=shared')...
test_explicit_batch_size_respects_single_field_backend_limit (bulk_create.tests.BulkCreateTests) ... Testing against Django installed in '/testbed/django' with up to 24 processes
Importing application bulk_create
Skipping setup of unused database(s): other.
Operations to perform:
  Synchronize unmigrated apps: auth, bulk_create, contenttypes, messages, sessions, staticfiles
  Apply all migrations: admin, sites
Synchronizing apps without migrations:
  Creating tables...
    Creating table django_content_type
    Creating table auth_permission
    Creating table auth_group
    Creating table auth_user
    Creating table django_session
    Creating table bulk_create_country
    Creating table bulk_create_proxymulticountry
    Creating table bulk_create_restaurant
    Creating table bulk_create_pizzeria
    Creating table bulk_create_state
    Creating table bulk_create_twofields
    Creating table bulk_create_nofields
    Creating table bulk_create_nullablefields
    Running deferred SQL...
Running migrations:
  Applying admin.0001_initial... OK
  Applying admin.0002_logentry_remove_auto_add... OK
  Applying admin.0003_logentry_add_action_flag_choices... OK
  Applying sites.0001_initial... OK
  Applying sites.0002_alter_domain_unique... OK
System check identified no issues (0 silenced).
ok

----------------------------------------------------------------------
Ran 1 test in 0.005s

OK
Destroying test database for alias 'default' ('file:memorydb_default?mode=memory&cache=shared')...
[pipeline] test_exit_code=0
