[pipeline] checking candidate patch
[pipeline] checking generated test patch
[pipeline] executing generated test command
F
======================================================================
FAIL: test_parse_docstring_preserves_rst_escaped_space (admin_docs.test_docstring_cleaning.DocstringCleaningTests)
----------------------------------------------------------------------
Traceback (most recent call last):
  File "/testbed/tests/admin_docs/test_docstring_cleaning.py", line 10, in test_parse_docstring_preserves_rst_escaped_space
    parse_docstring(docstring), ('Summary.', 'first\\ \nsecond', {}),
AssertionError: Tuples differ: ('Summary.', 'first\\\nsecond', {}) != ('Summary.', 'first\\ \nsecond', {})

First differing element 1:
'first\\\nsecond'
'first\\ \nsecond'

- ('Summary.', 'first\\\nsecond', {})
+ ('Summary.', 'first\\ \nsecond', {})
?                      +


----------------------------------------------------------------------
Ran 1 test in 0.000s

FAILED (failures=1)
Testing against Django installed in '/testbed/django' with up to 24 processes
System check identified no issues (0 silenced).
[pipeline] test_exit_code=1
