[pipeline] checking candidate patch
[pipeline] checking generated test patch
[pipeline] executing generated test command
Creating test database for alias 'default' ('file:memorydb_default?mode=memory&cache=shared')...
test_order_by_nested_pk_relational_primary_key (ordering.tests.OrderingTests) ... FAIL

======================================================================
FAIL: test_order_by_nested_pk_relational_primary_key (ordering.tests.OrderingTests)
----------------------------------------------------------------------
Traceback (most recent call last):
  File "/testbed/tests/ordering/tests.py", line 337, in test_order_by_nested_pk_relational_primary_key
    attrgetter('headline'),
  File "/testbed/django/test/testcases.py", line 1054, in assertQuerysetEqual
    return self.assertEqual(list(items), values, msg=msg)
AssertionError: Lists differ: ['second', 'first'] != ['first', 'second']

First differing element 0:
'second'
'first'

- ['second', 'first']
+ ['first', 'second']

----------------------------------------------------------------------
Ran 1 test in 0.003s

FAILED (failures=1)
Destroying test database for alias 'default' ('file:memorydb_default?mode=memory&cache=shared')...
Testing against Django installed in '/testbed/django' with up to 24 processes
Importing application ordering
Skipping setup of unused database(s): other.
Operations to perform:
  Synchronize unmigrated apps: auth, contenttypes, messages, ordering, sessions, staticfiles
  Apply all migrations: admin, sites
Synchronizing apps without migrations:
  Creating tables...
    Creating table django_content_type
    Creating table auth_permission
    Creating table auth_group
    Creating table auth_user
    Creating table django_session
    Creating table ordering_author
    Creating table ordering_article
    Creating table ordering_childarticle
    Creating table ordering_reference
    Running deferred SQL...
Running migrations:
  Applying admin.0001_initial... OK
  Applying admin.0002_logentry_remove_auto_add... OK
  Applying admin.0003_logentry_add_action_flag_choices... OK
  Applying sites.0001_initial... OK
  Applying sites.0002_alter_domain_unique... OK
System check identified no issues (0 silenced).
[pipeline] test_exit_code=1
