[pipeline] checking candidate patch
[pipeline] checking generated test patch
[pipeline] executing generated test command
Creating test database for alias 'default'...
F
======================================================================
FAIL: test_relatedonlyfieldlistfilter_inherits_custom_ordering (admin_filters.tests.ListFiltersTests)
----------------------------------------------------------------------
Traceback (most recent call last):
  File "/testbed/tests/admin_filters/tests.py", line 736, in test_relatedonlyfieldlistfilter_inherits_custom_ordering
    self.assertEqual(filterspec.lookup_choices, expected)
AssertionError: Lists differ: [(1, 'John Blue'), (2, 'Jack Red')] != [(2, 'Jack Red'), (1, 'John Blue')]

First differing element 0:
(1, 'John Blue')
(2, 'Jack Red')

- [(1, 'John Blue'), (2, 'Jack Red')]
+ [(2, 'Jack Red'), (1, 'John Blue')]

----------------------------------------------------------------------
Ran 1 test in 0.005s

FAILED (failures=1)
Destroying test database for alias 'default'...
Testing against Django installed in '/testbed/django' with up to 24 processes
System check identified no issues (0 silenced).
[pipeline] test_exit_code=1
