[pipeline] checking candidate patch
[pipeline] checking generated test patch
[pipeline] executing generated test command
Internet access disabled
F                                                                        [100%]
=================================== FAILURES ===================================
____________ test_world_to_pixel_uses_reference_inside_offset_slice ____________

    def test_world_to_pixel_uses_reference_inside_offset_slice():
        class DomainLimitedWCS(WCS):
            def pixel_to_world_values(self, *pixel_arrays):
                pixel_arrays = np.broadcast_arrays(*map(np.asanyarray, pixel_arrays))
                world_arrays = super().pixel_to_world_values(*pixel_arrays)
                inside = np.ones(pixel_arrays[0].shape, dtype=bool)
                for pixel_array, (lower, upper) in zip(pixel_arrays, self.pixel_bounds):
                    inside &= (lower <= pixel_array) & (pixel_array <= upper)
                return tuple(np.where(inside, value, np.nan) for value in world_arrays)
    
        wcs = DomainLimitedWCS(naxis=3)
        wcs.wcs.pc = [
            [1, 0, 1],
            [0, 1, 0],
            [0, 0, 1],
        ]
        wcs.pixel_bounds = [(10, 19), (20, 29), (5, 5)]
    
        sliced = SlicedLowLevelWCS(wcs, np.s_[5, 20:30, 10:20])
        world = sliced.pixel_to_world_values(2, 3)
    
>       assert_allclose(sliced.world_to_pixel_values(*world), (2, 3))

astropy/wcs/wcsapi/wrappers/tests/test_sliced_wcs.py:925: 
_ _ _ _ _ _ _ _ _ _ _ _ _ _ _ _ _ _ _ _ _ _ _ _ _ _ _ _ _ _ _ _ _ _ _ _ _ _ _ _ 

args = (<function assert_allclose.<locals>.compare at 0x76231b1b19d0>, array([nan, nan]), array([2, 3]))
kwds = {'equal_nan': True, 'err_msg': '', 'header': 'Not equal to tolerance rtol=1e-07, atol=0', 'verbose': True}

    @wraps(func)
    def inner(*args, **kwds):
        with self._recreate_cm():
>           return func(*args, **kwds)
E           AssertionError: 
E           Not equal to tolerance rtol=1e-07, atol=0
E           
E           x and y nan location mismatch:
E            x: array([nan, nan])
E            y: array([2, 3])

/opt/miniconda3/envs/testbed/lib/python3.9/contextlib.py:79: AssertionError
=========================== short test summary info ============================
FAILED astropy/wcs/wcsapi/wrappers/tests/test_sliced_wcs.py::test_world_to_pixel_uses_reference_inside_offset_slice
1 failed in 0.14s
[pipeline] test_exit_code=1
