[pipeline] checking candidate patch
[pipeline] checking generated test patch
[pipeline] executing generated test command
Creating test database for alias 'default'...
FTesting against Django installed in '/testbed/django' with up to 24 processes
System check identified no issues (0 silenced).

======================================================================
FAIL: test_get_edited_object_pks_with_regex_chars_in_pk_name (admin_changelist.tests.ChangeListTests)
----------------------------------------------------------------------
Traceback (most recent call last):
  File "/testbed/django/test/utils.py", line 370, in inner
    return func(*args, **kwargs)
  File "/testbed/tests/admin_changelist/tests.py", line 844, in test_get_edited_object_pks_with_regex_chars_in_pk_name
    self.assertEqual(model_admin._get_edited_object_pks(request, prefix='form'), ['7'])
AssertionError: Lists differ: ['8'] != ['7']

First differing element 0:
'8'
'7'

- ['8']
?   ^

+ ['7']
?   ^


----------------------------------------------------------------------
Ran 1 test in 0.002s

FAILED (failures=1)
Destroying test database for alias 'default'...
[pipeline] test_exit_code=1
