[pipeline] checking candidate patch
[pipeline] checking generated test patch
[pipeline] executing generated test command
<frozen importlib._bootstrap>:228: RuntimeWarning: numpy.ndarray size changed, may indicate binary incompatibility. Expected 80 from C header, got 96 from PyObject
Internet access disabled
F                                                                        [100%]
=================================== FAILURES ===================================
____________________ test_write_custom_data_current_columns ____________________

    def test_write_custom_data_current_columns():
        class CurrentColumnHTMLData(html.HTMLData):
            def _set_fill_values(self, cols):
                self.formats = {
                    col.info.name: self.formats[col.info.name]
                    for col in self.cols
                    if col.info.name in self.formats
                }
                super()._set_fill_values(cols)
    
        class CurrentColumnHTML(html.HTML):
            data_class = CurrentColumnHTMLData
    
        writer = CurrentColumnHTML()
        writer.data.formats = {"value": ".1f", "missing": ".2f"}
        table = Table([[1.25]], names=["value"])
>       output = writer.write(table)[0]

/testbed/astropy/io/ascii/tests/test_html.py:736: 
_ _ _ _ _ _ _ _ _ _ _ _ _ _ _ _ _ _ _ _ _ _ _ _ _ _ _ _ _ _ _ _ _ _ _ _ _ _ _ _ 
/testbed/astropy/io/ascii/html.py:356: in write
    self.data._set_fill_values(cols)
_ _ _ _ _ _ _ _ _ _ _ _ _ _ _ _ _ _ _ _ _ _ _ _ _ _ _ _ _ _ _ _ _ _ _ _ _ _ _ _ 

self = <astropy.io.ascii.tests.test_html.test_write_custom_data_current_columns.<locals>.CurrentColumnHTMLData object at 0x74eb14004d60>
cols = [<Column name='value' dtype='float64' length=1>
1.25]

    def _set_fill_values(self, cols):
        self.formats = {
            col.info.name: self.formats[col.info.name]
>           for col in self.cols
            if col.info.name in self.formats
        }
E       AttributeError: 'CurrentColumnHTMLData' object has no attribute 'cols'

/testbed/astropy/io/ascii/tests/test_html.py:725: AttributeError
=========================== short test summary info ============================
FAILED astropy/io/ascii/tests/test_html.py::test_write_custom_data_current_columns
1 failed in 0.04s
[pipeline] test_exit_code=1
