[pipeline] checking candidate patch
[pipeline] checking generated test patch
[pipeline] executing generated test command
Creating test database for alias 'default' ('file:memorydb_default?mode=memory&cache=shared')...
Creating test database for alias 'other' ('file:memorydb_other?mode=memory&cache=shared')...
test_rename_isolated_to_schema_editor_database (contenttypes_tests.test_operations.ContentTypeOperationsTests) ... ok

----------------------------------------------------------------------
Ran 1 test in 0.042s

OK
Destroying test database for alias 'default' ('file:memorydb_default?mode=memory&cache=shared')...
Destroying test database for alias 'other' ('file:memorydb_other?mode=memory&cache=shared')...
Testing against Django installed in '/testbed/django' with up to 24 processes
Importing application contenttypes_tests
Operations to perform:
  Synchronize unmigrated apps: auth, contenttypes, contenttypes_tests, messages, sessions, staticfiles
  Apply all migrations: admin, sites
Synchronizing apps without migrations:
  Creating tables...
    Creating table django_content_type
    Creating table auth_permission
    Creating table auth_group
    Creating table auth_user
    Creating table django_session
    Creating table contenttypes_tests_site
    Creating table contenttypes_tests_author
    Creating table contenttypes_tests_article
    Creating table contenttypes_tests_schemeincludedurl
    Creating table contenttypes_tests_concretemodel
    Creating table contenttypes_tests_foowithouturl
    Creating table contenttypes_tests_foowithurl
    Creating table contenttypes_tests_foowithbrokenabsoluteurl
    Creating table contenttypes_tests_question
    Creating table contenttypes_tests_answer
    Creating table contenttypes_tests_post
    Creating table contenttypes_tests_modelwithnullfktosite
    Creating table contenttypes_tests_modelwithm2mtosite
    Running deferred SQL...
Running migrations:
  Applying admin.0001_initial... OK
  Applying admin.0002_logentry_remove_auto_add... OK
  Applying admin.0003_logentry_add_action_flag_choices... OK
  Applying sites.0001_initial... OK
  Applying sites.0002_alter_domain_unique... OK
Operations to perform:
  Synchronize unmigrated apps: auth, contenttypes, contenttypes_tests, messages, sessions, staticfiles
  Apply all migrations: admin, sites
Synchronizing apps without migrations:
  Creating tables...
    Creating table django_content_type
    Creating table auth_permission
    Creating table auth_group
    Creating table auth_user
    Creating table django_session
    Creating table contenttypes_tests_site
    Creating table contenttypes_tests_author
    Creating table contenttypes_tests_article
    Creating table contenttypes_tests_schemeincludedurl
    Creating table contenttypes_tests_concretemodel
    Creating table contenttypes_tests_foowithouturl
    Creating table contenttypes_tests_foowithurl
    Creating table contenttypes_tests_foowithbrokenabsoluteurl
    Creating table contenttypes_tests_question
    Creating table contenttypes_tests_answer
    Creating table contenttypes_tests_post
    Creating table contenttypes_tests_modelwithnullfktosite
    Creating table contenttypes_tests_modelwithm2mtosite
    Running deferred SQL...
Running migrations:
  Applying admin.0001_initial... OK
  Applying admin.0002_logentry_remove_auto_add... OK
  Applying admin.0003_logentry_add_action_flag_choices... OK
  Applying sites.0001_initial... OK
  Applying sites.0002_alter_domain_unique... OK
System check identified no issues (0 silenced).
[pipeline] test_exit_code=0
