[pipeline] checking candidate patch
[pipeline] checking generated test patch
[pipeline] executing generated test command
Creating test database for alias 'default'...
E
======================================================================
ERROR: test_union_projection_reuse_with_distinct_operands (queries.test_qs_combinators.QuerySetSetOperationTests)
----------------------------------------------------------------------
Traceback (most recent call last):
  File "/testbed/django/db/backends/utils.py", line 86, in _execute
    return self.cursor.execute(sql, params)
  File "/testbed/django/db/backends/sqlite3/base.py", line 391, in execute
    return Database.Cursor.execute(self, query, params)
sqlite3.OperationalError: SELECTs to the left and right of UNION do not have the same number of result columns

The above exception was the direct cause of the following exception:

Traceback (most recent call last):
  File "/testbed/tests/queries/test_qs_combinators.py", line 134, in test_union_projection_reuse_with_distinct_operands
    self.assertEqual(combined.values_list('order').get(), (2,))
  File "/testbed/django/db/models/query.py", line 408, in get
    num = len(clone)
  File "/testbed/django/db/models/query.py", line 258, in __len__
    self._fetch_all()
  File "/testbed/django/db/models/query.py", line 1240, in _fetch_all
    self._result_cache = list(self._iterable_class(self))
  File "/testbed/django/db/models/query.py", line 146, in __iter__
    return compiler.results_iter(tuple_expected=True, chunked_fetch=self.chunked_fetch, chunk_size=self.chunk_size)
  File "/testbed/django/db/models/sql/compiler.py", line 1046, in results_iter
    results = self.execute_sql(MULTI, chunked_fetch=chunked_fetch, chunk_size=chunk_size)
  File "/testbed/django/db/models/sql/compiler.py", line 1094, in execute_sql
    cursor.execute(sql, params)
  File "/testbed/django/db/backends/utils.py", line 68, in execute
    return self._execute_with_wrappers(sql, params, many=False, executor=self._execute)
  File "/testbed/django/db/backends/utils.py", line 77, in _execute_with_wrappers
    return executor(sql, params, many, context)
  File "/testbed/django/db/backends/utils.py", line 86, in _execute
    return self.cursor.execute(sql, params)
  File "/testbed/django/db/utils.py", line 89, in __exit__
    raise dj_exc_value.with_traceback(traceback) from exc_value
  File "/testbed/django/db/backends/utils.py", line 86, in _execute
    return self.cursor.execute(sql, params)
  File "/testbed/django/db/backends/sqlite3/base.py", line 391, in execute
    return Database.Cursor.execute(self, query, params)
django.db.utils.OperationalError: SELECTs to the left and right of UNION do not have the same number of result columns

----------------------------------------------------------------------
Ran 1 test in 0.002s

FAILED (errors=1)
Destroying test database for alias 'default'...
Testing against Django installed in '/testbed/django' with up to 24 processes
System check identified no issues (1 silenced).
[pipeline] test_exit_code=1
