[pipeline] checking candidate patch
[pipeline] checking generated test patch
[pipeline] executing generated test command
Creating test database for alias 'default'...
F
======================================================================
FAIL: test_add_model_with_field_removed_from_mixed_case_base_model (migrations.test_autodetector.AutodetectorTests)
----------------------------------------------------------------------
Traceback (most recent call last):
  File "/testbed/tests/migrations/test_autodetector.py", line 2469, in test_add_model_with_field_removed_from_mixed_case_base_model
    self.assertOperationTypes(changes, 'app', 0, ['RemoveField', 'CreateModel'])
  File "/testbed/tests/migrations/test_autodetector.py", line 517, in assertOperationTypes
    self.repr_changes(changes),
AssertionError: Operation type mismatch for app.auto_1 (expected ['RemoveField', 'CreateModel']):
  app:
    auto_1
      <CreateModel  name='Book', fields=[('title', <django.db.models.fields.CharField>)], options={}, bases=('app.Readable',), managers=[]>
      <RemoveField  model_name='readable', name='title'>


----------------------------------------------------------------------
Ran 1 test in 0.002s

FAILED (failures=1)
Destroying test database for alias 'default'...
Testing against Django installed in '/testbed/django' with up to 24 processes
System check identified no issues (0 silenced).
[pipeline] test_exit_code=1
