[pipeline] checking candidate patch
[pipeline] checking generated test patch
[pipeline] executing generated test command
Creating test database for alias 'default'...
F
======================================================================
FAIL: test_negated_q_on_filtered_relation_is_order_independent (filtered_relation.tests.FilteredRelationTests)
----------------------------------------------------------------------
Traceback (most recent call last):
  File "/testbed/tests/filtered_relation/tests.py", line 110, in test_negated_q_on_filtered_relation_is_order_independent
    self.assertSequenceEqual(queryset.filter(suffix_a & ~suffix_b), [])
AssertionError: Sequences differ: <QuerySet [<Author: Jane>]> != []

First sequence contains 1 additional elements.
First extra element 0:
<Author: Jane>

- <QuerySet [<Author: Jane>]>
+ []

----------------------------------------------------------------------
Ran 1 test in 0.004s

FAILED (failures=1)
Destroying test database for alias 'default'...
Testing against Django installed in '/testbed/django' with up to 24 processes
System check identified no issues (0 silenced).
[pipeline] test_exit_code=1
