[pipeline] checking candidate patch
[pipeline] checking generated test patch
[pipeline] executing generated test command
Creating test database for alias 'default'...
Testing against Django installed in '/testbed/django' with up to 24 processes
System check identified no issues (3 silenced).
F
======================================================================
FAIL: test_get_choices_removes_duplicates (model_fields.tests.GetChoicesLimitChoicesToTests)
----------------------------------------------------------------------
Traceback (most recent call last):
  File "/testbed/tests/model_fields/tests.py", line 352, in test_get_choices_removes_duplicates
    self.assertChoicesEqual(choices, [self.foo1, self.foo2])
  File "/testbed/tests/model_fields/tests.py", line 334, in assertChoicesEqual
    self.assertEqual(choices, [(obj.pk, str(obj)) for obj in objs])
AssertionError: Lists differ: [(1, 'Foo object (1)'), (1, 'Foo object (1)'), (2, 'Foo object (2)')] != [(1, 'Foo object (1)'), (2, 'Foo object (2)')]

First differing element 1:
(1, 'Foo object (1)')
(2, 'Foo object (2)')

First list contains 1 additional elements.
First extra element 2:
(2, 'Foo object (2)')

- [(1, 'Foo object (1)'), (1, 'Foo object (1)'), (2, 'Foo object (2)')]
?                          ^              -----------------------

+ [(1, 'Foo object (1)'), (2, 'Foo object (2)')]
?                          ^


----------------------------------------------------------------------
Ran 1 test in 0.002s

FAILED (failures=1)
Destroying test database for alias 'default'...
[pipeline] test_exit_code=1
