[pipeline] checking candidate patch
[pipeline] checking generated test patch
[pipeline] executing generated test command
F                                                                        [100%]
=================================== FAILURES ===================================
__________________ test_minversion_strict_prerelease_identity __________________

    def test_minversion_strict_prerelease_identity():
        from types import ModuleType
    
        test_module = ModuleType(str("test_module"))
        test_module.__version__ = '1.14dev'
>       assert not minversion(test_module, '1.14dev', inclusive=False)
E       AssertionError: assert not True
E        +  where True = minversion(<module 'test_module'>, '1.14dev', inclusive=False)

astropy/utils/tests/test_introspection.py:83: AssertionError
=============================== warnings summary ===============================
None
  Module already imported so cannot be rewritten: astropy.tests.plugins.display

-- Docs: http://doc.pytest.org/en/latest/warnings.html
1 failed, 1 warnings in 0.02 seconds
[pipeline] test_exit_code=1
