[pipeline] checking candidate patch
[pipeline] checking generated test patch
[pipeline] executing generated test command
<frozen importlib._bootstrap>:228: RuntimeWarning: numpy.ndarray size changed, may indicate binary incompatibility. Expected 80 from C header, got 96 from PyObject
Internet access disabled
F                                                                        [100%]
=================================== FAILURES ===================================
_____ test_required_columns_message_preserves_list_for_single_found_column _____

    def test_required_columns_message_preserves_list_for_single_found_column():
        ts = TimeSeries(time=INPUT_TIME, data={'flux': [1, 2, 3]})
        ts._required_columns = ['time', 'flux']
    
        with pytest.raises(ValueError) as exc:
            ts.remove_column('flux')
    
>       assert exc.value.args[0] == (
            "TimeSeries object is invalid - expected ['time', 'flux'] "
            "as the first columns but found ['time']")
E       assert "TimeSeries o... found 'time'" == "TimeSeries o...ound ['time']"
E         Skipping 78 identical leading characters in diff, use -v to show
E         - but found ['time']
E         ?           -      -
E         + but found 'time'

astropy/timeseries/tests/test_sampled.py:406: AssertionError
=========================== short test summary info ============================
FAILED astropy/timeseries/tests/test_sampled.py::test_required_columns_message_preserves_list_for_single_found_column
1 failed in 0.15s
[pipeline] test_exit_code=1
