[pipeline] checking candidate patch
[pipeline] checking generated test patch
[pipeline] executing generated test command
<frozen importlib._bootstrap>:228: RuntimeWarning: numpy.ndarray size changed, may indicate binary incompatibility. Expected 80 from C header, got 96 from PyObject
Internet access disabled
[31mF[0m[31m                                                                        [100%][0m
=================================== FAILURES ===================================
[31m[1m____________________ TestDiff.test_identical_q_vla_with_nan ____________________[0m

self = <astropy.io.fits.tests.test_diff.TestDiff object at 0x7abf16fe77f0>

    def test_identical_q_vla_with_nan(self):
        column = Column("A", format="QD", array=[[np.nan], [0.0, np.nan]])
        hdu = BinTableHDU.from_columns([column])
        filename = self.temp("identical_q_vla_nan.fits")
        hdu.writeto(filename)
    
        diff = FITSDiff(filename, filename)
>       assert diff.identical
[1m[31mE       assert False[0m
[1m[31mE        +  where False = <astropy.io.fits.diff.FITSDiff object at 0x7abf16fcf9d0>.identical[0m

[1m[31mastropy/io/fits/tests/test_diff.py[0m:429: AssertionError
[36m[1m=========================== short test summary info ============================[0m
[31mFAILED[0m astropy/io/fits/tests/test_diff.py::[1mTestDiff::test_identical_q_vla_with_nan[0m - assert False
[31m[31m[1m1 failed[0m[31m in 0.11s[0m[0m
[pipeline] test_exit_code=1
