[pipeline] checking candidate patch
[pipeline] checking generated test patch
[pipeline] executing generated test command
<frozen importlib._bootstrap>:228: RuntimeWarning: numpy.ndarray size changed, may indicate binary incompatibility. Expected 80 from C header, got 96 from PyObject
Internet access disabled
[31mF[0m[31m                                                                        [100%][0m
=================================== FAILURES ===================================
[31m[1m__________________ test_read_header_rows_respects_data_start ___________________[0m

    def test_read_header_rows_respects_data_start():
        """An explicit data_start takes precedence over the RST default."""
        table = """\
    ===== ======
    value other
    m     s
    ===== ======
        1     10
        2     20
    ===== ======
    """
        dat = ascii.read(
            table,
            format="rst",
            guess=False,
            header_rows=["name", "unit"],
            data_start=5,
        )
>       assert len(dat) == 1
[1m[31mE       assert 2 == 1[0m
[1m[31mE        +  where 2 = len(<Table length=2>\nvalue other\n  m     s  \nint64 int64\n----- -----\n    1    10\n    2    20)[0m

[1m[31mastropy/io/ascii/tests/test_rst.py[0m:51: AssertionError
[36m[1m=========================== short test summary info ============================[0m
[31mFAILED[0m astropy/io/ascii/tests/test_rst.py::[1mtest_read_header_rows_respects_data_start[0m - assert 2 == 1
[31m[31m[1m1 failed[0m[31m in 0.01s[0m[0m
[pipeline] test_exit_code=1
