[pipeline] checking candidate patch
[pipeline] checking generated test patch
[pipeline] executing generated test command
F                                                                        [100%]
=================================== FAILURES ===================================
_______________________ test_return_annotation_nonetype ________________________

    def test_return_annotation_nonetype():
        @u.quantity_input
        def consume(voltage: u.V) -> type(None):
            return None
    
>       assert consume(1 * u.V) is None

astropy/units/tests/test_quantity_decorator.py:337: 
_ _ _ _ _ _ _ _ _ _ _ _ _ _ _ _ _ _ _ _ _ _ _ _ _ _ _ _ _ _ _ _ _ _ _ _ _ _ _ _ 
astropy/utils/decorators.py:824: in consume
    func = make_function_with_signature(func, name=name, **wrapped_args)
_ _ _ _ _ _ _ _ _ _ _ _ _ _ _ _ _ _ _ _ _ _ _ _ _ _ _ _ _ _ _ _ _ _ _ _ _ _ _ _ 

func_args = (<Quantity 1. V>,), func_kwargs = {}
bound_args = <BoundArguments (voltage=<Quantity 1. V>)>
param = <Parameter "voltage:Unit("V")">, arg = <Quantity 1. V>
targets = Unit("V"), valid_targets = [Unit("V")], return_ = None

    @wraps(wrapped_function)
    def wrapper(*func_args, **func_kwargs):
        # Bind the arguments to our new function to the signature of the original.
        bound_args = wrapped_signature.bind(*func_args, **func_kwargs)
    
        # Iterate through the parameters of the original signature
        for param in wrapped_signature.parameters.values():
            # We do not support variable arguments (*args, **kwargs)
            if param.kind in (inspect.Parameter.VAR_KEYWORD,
                              inspect.Parameter.VAR_POSITIONAL):
                continue
    
            # Catch the (never triggered) case where bind relied on a default value.
            if param.name not in bound_args.arguments and param.default is not param.empty:
                bound_args.arguments[param.name] = param.default
    
            # Get the value of this parameter (argument to new function)
            arg = bound_args.arguments[param.name]
    
            # Get target unit or physical type, either from decorator kwargs
            #   or annotations
            if param.name in self.decorator_kwargs:
                targets = self.decorator_kwargs[param.name]
            else:
                targets = param.annotation
    
            # If the targets is empty, then no target units or physical
            #   types were specified so we can continue to the next arg
            if targets is inspect.Parameter.empty:
                continue
    
            # If the argument value is None, and the default value is None,
            #   pass through the None even if there is a target unit
            if arg is None and param.default is None:
                continue
    
            # Here, we check whether multiple target unit/physical type's
            #   were specified in the decorator/annotation, or whether a
            #   single string (unit or physical type) or a Unit object was
            #   specified
            if isinstance(targets, str) or not isiterable(targets):
                valid_targets = [targets]
    
            # Check for None in the supplied list of allowed units and, if
            #   present and the passed value is also None, ignore.
            elif None in targets:
                if arg is None:
                    continue
                else:
                    valid_targets = [t for t in targets if t is not None]
    
            else:
                valid_targets = targets
    
            # Now we loop over the allowed units/physical types and validate
            #   the value of the argument:
            _validate_arg_value(param.name, wrapped_function.__name__,
                                arg, valid_targets, self.equivalencies)
    
        # Call the original function with any equivalencies in force.
        with add_enabled_equivalencies(self.equivalencies):
            return_ = wrapped_function(*func_args, **func_kwargs)
        if wrapped_signature.return_annotation not in (inspect.Signature.empty, None):
>           return return_.to(wrapped_signature.return_annotation)
E           AttributeError: 'NoneType' object has no attribute 'to'

astropy/units/decorators.py:224: AttributeError
=============================== warnings summary ===============================
None
  Module already imported so cannot be rewritten: astropy.tests.plugins.display

-- Docs: http://doc.pytest.org/en/latest/warnings.html
1 failed, 1 warnings in 0.14 seconds
[pipeline] test_exit_code=1
