[pipeline] checking candidate patch
[pipeline] checking generated test patch
[pipeline] executing generated test command
<frozen importlib._bootstrap>:228: RuntimeWarning: numpy.ndarray size changed, may indicate binary incompatibility. Expected 80 from C header, got 96 from PyObject
Internet access disabled
[31mF[0m[31m                                                                        [100%][0m
=================================== FAILURES ===================================
[31m[1m_______________ test_cds_scaled_alias_mixed_product_and_division _______________[0m

    def test_cds_scaled_alias_mixed_product_and_division():
        tiny = u.Unit(1e-200)
        huge = u.Unit(1e200 * u.m)
    
        with u.add_enabled_aliases({"tiny": tiny, "huge": huge}):
>           assert u.Unit("tiny.huge/tiny", format="cds") == huge
[1m[31mE           assert Unit("inf m") == Unit("1e+200 m")[0m
[1m[31mE            +  where Unit("inf m") = <class 'astropy.units.core.Unit'>('tiny.huge/tiny', format='cds')[0m
[1m[31mE            +    where <class 'astropy.units.core.Unit'> = u.Unit[0m

[1m[31mastropy/units/tests/test_aliases.py[0m:23: AssertionError
[36m[1m=========================== short test summary info ============================[0m
[31mFAILED[0m astropy/units/tests/test_aliases.py::[1mtest_cds_scaled_alias_mixed_product_and_division[0m - assert Unit("inf m") == Unit("1e+200 m")
[31m[31m[1m1 failed[0m[31m in 0.04s[0m[0m
[pipeline] test_exit_code=1
