[pipeline] checking candidate patch
[pipeline] checking generated test patch
[pipeline] executing generated test command
<frozen importlib._bootstrap>:228: RuntimeWarning: numpy.ndarray size changed, may indicate binary incompatibility. Expected 80 from C header, got 96 from PyObject
Internet access disabled
[31mF[0m[31m                                                                        [100%][0m
=================================== FAILURES ===================================
[31m[1m______________________ test_fitsdiff_q_vla_self_with_nan _______________________[0m

tmp_path = PosixPath('/tmp/pytest-of-root/pytest-0/test_fitsdiff_q_vla_self_with_0')

    def test_fitsdiff_q_vla_self_with_nan(tmp_path):
        path = tmp_path / "q_vla_nan.fits"
        column = Column("A", format="QD", array=[[np.nan], [0.0, np.nan]])
        hdu = BinTableHDU.from_columns([column])
        hdu.writeto(path)
    
        diff = FITSDiff(path, path)
>       assert diff.identical, diff.report()
[1m[31mE       AssertionError: [0m
[1m[31mE          fitsdiff: 5.3.dev756+gc0a24c1dc.d20250910[0m
[1m[31mE          a: /tmp/pytest-of-root/pytest-0/test_fitsdiff_q_vla_self_with_0/q_vla_nan.fits[0m
[1m[31mE          b: /tmp/pytest-of-root/pytest-0/test_fitsdiff_q_vla_self_with_0/q_vla_nan.fits[0m
[1m[31mE          Maximum number of different data values to be reported: 10[0m
[1m[31mE          Relative tolerance: 0.0, Absolute tolerance: 0.0[0m
[1m[31mE         [0m
[1m[31mE         Extension HDU 1:[0m
[1m[31mE         [0m
[1m[31mE            Data contains differences:[0m
[1m[31mE              Column A data differs in row 0:[0m
[1m[31mE              Column A data differs in row 1:[0m
[1m[31mE              2 different table data element(s) found (100.00% different).[0m
[1m[31mE         [0m
[1m[31mE       assert False[0m
[1m[31mE        +  where False = <astropy.io.fits.diff.FITSDiff object at 0x721952e003a0>.identical[0m

[1m[31mastropy/io/fits/tests/test_diff.py[0m:935: AssertionError
[36m[1m=========================== short test summary info ============================[0m
[31mFAILED[0m astropy/io/fits/tests/test_diff.py::[1mtest_fitsdiff_q_vla_self_with_nan[0m - AssertionError: 
[31m[31m[1m1 failed[0m[31m in 0.11s[0m[0m
[pipeline] test_exit_code=1
