{
  "schema_version": 2,
  "cohort_size": 42,
  "first_instance": "sympy__sympy-21612",
  "last_instance": "django__django-11163",
  "cohort_sha256": "789d09755851c925e29217a8a5c3f834260b232cdc4cd954325ba7beb39e4769",
  "run_root": "/home/rocky/SWE-ABS/mini-swe-agent/runs/spec-refinement-core-r2-negative-filter-on-v1/round-03/candidate-generation",
  "test_bank": "/home/rocky/SWE-ABS/mini-swe-agent/runs/spec-refinement-core-r2-negative-filter-on-v1/constraints",
  "settings": {
    "generation_subset": "/home/rocky/SWE-ABS/mini-swe-agent/runs/spec-refinement-core-r2-negative-filter-on-v1/round-03/input-suite/swebench_verified_oracle_augmented.jsonl",
    "generation_subset_sha256": "c56cae7bac615088b2d5d8138d84f92dc2f111fabd7720d6a522739a8909a390",
    "candidate_generation": {
      "model_name": "minimax/MiniMax-M2.5",
      "temperature": 0.0,
      "thinking": {
        "type": "enabled",
        "budget_tokens": 4096
      },
      "config": "/home/rocky/SWE-ABS/mini-swe-agent/src/minisweagent/config/extra/livesweagent_swebench_core.yaml"
    },
    "candidate_model_alias": "minimax",
    "generation_strategy": "per_instance_until_ready_or_exhausted",
    "target_officially_passing_candidates": 2,
    "max_generation_attempts_per_instance": 3,
    "generation_attempt_limit_semantics": "total_attempts_including_initial_attempt",
    "identical_patch_policy": "regenerate_on_exact_normalized_sha256_match",
    "similar_patch_policy": "retain_unless_sha256_is_exactly_equal",
    "differentiator": "/home/rocky/SWE-ABS/mini-swe-agent/differentiating-test-pipeline/distinguish-swebench",
    "required_passing_candidate": "any",
    "blind_judge_model": "minimax/MiniMax-M2.5",
    "blind_judge_affects_admission": false,
    "gold_aware_oracle_model": "minimax/MiniMax-M2.5",
    "gold_aware_oracle_requires_gold_pass": true,
    "oracle_confidence_affects_admission": false,
    "admission_rule": "Two distinct candidates passed official evaluation; test separates them; test runs and passes on gold; gold-aware oracle decision is accept.",
    "submission_policy": {
      "require_current_suite_receipt": true,
      "generation_config": "/home/rocky/SWE-ABS/mini-swe-agent/src/minisweagent/config/extra/livesweagent_swebench_core.yaml",
      "generation_config_sha256": "399ccc20c713079c1ed89e47f031a094c4824dea7d32d00c9e0ea29481c3fbc4",
      "validation_mode": "post_submission_v1"
    }
  }
}
