[pipeline] checking candidate patch
[pipeline] checking generated test patch
[pipeline] executing generated test command
Creating test database for alias 'default'...
F
======================================================================
FAIL: test_avg_duration_expression (aggregation.tests.AggregateTestCase)
----------------------------------------------------------------------
Traceback (most recent call last):
  File "/testbed/tests/aggregation/tests.py", line 487, in test_avg_duration_expression
    self.assertEqual(result, {'adjusted': datetime.timedelta(days=2)})
AssertionError: {'adjusted': None} != {'adjusted': datetime.timedelta(2)}
- {'adjusted': None}
+ {'adjusted': datetime.timedelta(2)}

----------------------------------------------------------------------
Ran 1 test in 0.010s

FAILED (failures=1)
Destroying test database for alias 'default'...
Testing against Django installed in '/testbed/django' with up to 24 processes
System check identified no issues (0 silenced).
[pipeline] test_exit_code=1
