[pipeline] checking candidate patch
[pipeline] checking generated test patch
[pipeline] executing generated test command
E
======================================================================
ERROR: test_converter_ignores_unmatched_named_subgroups (urlpatterns.tests.SimplifiedURLTests)
----------------------------------------------------------------------
Traceback (most recent call last):
  File "/testbed/django/test/utils.py", line 370, in inner
    return func(*args, **kwargs)
  File "/testbed/tests/urlpatterns/tests.py", line 91, in test_converter_ignores_unmatched_named_subgroups
    match = resolve('/item/fallback/')
  File "/testbed/django/urls/base.py", line 25, in resolve
    return get_resolver(urlconf).resolve(path)
  File "/testbed/django/urls/resolvers.py", line 538, in resolve
    sub_match = pattern.resolve(new_path)
  File "/testbed/django/urls/resolvers.py", line 345, in resolve
    match = self.pattern.match(path)
  File "/testbed/django/urls/resolvers.py", line 254, in match
    converter = self.converters[key]
KeyError: 'qualifier'

----------------------------------------------------------------------
Ran 1 test in 0.001s

FAILED (errors=1)
Testing against Django installed in '/testbed/django' with up to 24 processes
System check identified no issues (0 silenced).
[pipeline] test_exit_code=1
