[pipeline] checking candidate patch
[pipeline] checking generated test patch
[pipeline] executing generated test command
F
======================================================================
FAIL: test_serialize_unnamed_flag_combination (migrations.test_writer.WriterTests)
----------------------------------------------------------------------
Traceback (most recent call last):
  File "/testbed/tests/migrations/test_writer.py", line 180, in safe_exec
    exec(string, globals(), d)
  File "<string>", line 2, in <module>
  File "/opt/miniconda3/envs/testbed/lib/python3.6/enum.py", line 329, in __getitem__
    return cls._member_map_[name]
KeyError: None

During handling of the above exception, another exception occurred:

Traceback (most recent call last):
  File "/testbed/tests/migrations/test_writer.py", line 175, in test_serialize_unnamed_flag_combination
    self.assertSerializedEqual(value)
  File "/testbed/tests/migrations/test_writer.py", line 193, in assertSerializedEqual
    self.assertEqual(self.serialize_round_trip(value), value)
  File "/testbed/tests/migrations/test_writer.py", line 190, in serialize_round_trip
    return self.safe_exec("%s\ntest_value_result = %s" % ("\n".join(imports), string), value)['test_value_result']
  File "/testbed/tests/migrations/test_writer.py", line 183, in safe_exec
    self.fail("Could not exec %r (from value %r): %s" % (string.strip(), value, e))
AssertionError: Could not exec 'import migrations.test_writer\ntest_value_result = migrations.test_writer.Permission[None]' (from value <Permission.CHANGE|VIEW: 3>): None

----------------------------------------------------------------------
Ran 1 test in 0.000s

FAILED (failures=1)
Testing against Django installed in '/testbed/django' with up to 24 processes
System check identified no issues (0 silenced).
[pipeline] test_exit_code=1
