[pipeline] checking candidate patch
[pipeline] checking generated test patch
[pipeline] executing generated test command
Testing against Django installed in '/testbed/django' with up to 24 processes
System check identified no issues (0 silenced).
F
======================================================================
FAIL: test_serialize_combined_enum_flags (migrations.test_writer.WriterTests)
----------------------------------------------------------------------
Traceback (most recent call last):
  File "/testbed/tests/migrations/test_writer.py", line 171, in safe_exec
    exec(string, globals(), d)
  File "<string>", line 2, in <module>
  File "/opt/miniconda3/envs/testbed/lib/python3.6/enum.py", line 329, in __getitem__
    return cls._member_map_[name]
KeyError: None

During handling of the above exception, another exception occurred:

Traceback (most recent call last):
  File "/testbed/tests/migrations/test_writer.py", line 311, in test_serialize_combined_enum_flags
    self.assertSerializedEqual(value)
  File "/testbed/tests/migrations/test_writer.py", line 184, in assertSerializedEqual
    self.assertEqual(self.serialize_round_trip(value), value)
  File "/testbed/tests/migrations/test_writer.py", line 181, in serialize_round_trip
    return self.safe_exec("%s\ntest_value_result = %s" % ("\n".join(imports), string), value)['test_value_result']
  File "/testbed/tests/migrations/test_writer.py", line 174, in safe_exec
    self.fail("Could not exec %r (from value %r): %s" % (string.strip(), value, e))
AssertionError: Could not exec 'import re\ntest_value_result = re.RegexFlag[None]' (from value <RegexFlag.MULTILINE|IGNORECASE: 10>): None

----------------------------------------------------------------------
Ran 1 test in 0.001s

FAILED (failures=1)
[pipeline] test_exit_code=1
