[pipeline] checking candidate patch
[pipeline] checking generated test patch
[pipeline] executing generated test command
<frozen importlib._bootstrap>:228: RuntimeWarning: numpy.ndarray size changed, may indicate binary incompatibility. Expected 80 from C header, got 96 from PyObject
Internet access disabled
[31mF[0m[31m                                                                        [100%][0m
=================================== FAILURES ===================================
[31m[1m_ TestHeaderFunctions.test_numpy_float32_card_preserves_concise_value_and_comment _[0m

self = <astropy.io.fits.tests.test_header.TestHeaderFunctions object at 0x747ea3085490>

    def test_numpy_float32_card_preserves_concise_value_and_comment(self):
        comment = "[m] abcdef ghijklm nopqrstu vw xyzab"
        card = fits.Card(
            "HIERARCH ABC DEF GH IJKLMN", np.float32("0.009125"), comment
        )
>       assert str(card) == _pad(
            "HIERARCH ABC DEF GH IJKLMN = 0.009125 / " + comment
        )

[1m[31mastropy/io/fits/tests/test_header.py[0m:145: 
_ _ _ _ _ _ _ _ _ _ _ _ _ _ _ _ _ _ _ _ _ _ _ _ _ _ _ _ _ _ _ _ _ _ _ _ _ _ _ _ 
[1m[31mastropy/io/fits/card.py[0m:213: in __str__
    return self.image
[1m[31mastropy/io/fits/card.py[0m:530: in image
    self._image = self._format_image()
_ _ _ _ _ _ _ _ _ _ _ _ _ _ _ _ _ _ _ _ _ _ _ _ _ _ _ _ _ _ _ _ _ _ _ _ _ _ _ _ 

self = ('ABC DEF GH IJKLMN', 0.009125, '[m] abcdef ghijklm nopqrstu vw xyzab')

    def _format_image(self):
        keyword = self._format_keyword()
    
        value = self._format_value()
        is_commentary = keyword.strip() in self._commentary_keywords
        if is_commentary:
            comment = ""
        else:
            comment = self._format_comment()
    
        # equal sign string
        # by default use the standard value indicator even for HIERARCH cards;
        # later we may abbreviate it if necessary
        delimiter = VALUE_INDICATOR
        if is_commentary:
            delimiter = ""
    
        # put all parts together
        output = "".join([keyword, delimiter, value, comment])
    
        # For HIERARCH cards we can save a bit of space if necessary by
        # removing the space between the keyword and the equals sign; I'm
        # guessing this is part of the HIEARCH card specification
        keywordvalue_length = len(keyword) + len(delimiter) + len(value)
        if keywordvalue_length > self.length and keyword.startswith("HIERARCH"):
            if keywordvalue_length == self.length + 1 and keyword[-1] == " ":
                output = "".join([keyword[:-1], delimiter, value, comment])
            else:
                # I guess the HIERARCH card spec is incompatible with CONTINUE
                # cards
                raise ValueError(
                    f"The header keyword {self.keyword!r} with its value is too long"
                )
    
        if len(output) <= self.length:
            output = f"{output:80}"
        else:
            # longstring case (CONTINUE card)
            # try not to use CONTINUE if the string value can fit in one line.
            # Instead, just truncate the comment
            if isinstance(self.value, str) and len(value) > (self.length - 10):
                output = self._format_long_image()
            else:
>               warnings.warn(
                    "Card is too long, comment will be truncated.", VerifyWarning
                )
[1m[31mE               astropy.io.fits.verify.VerifyWarning: Card is too long, comment will be truncated.[0m

[1m[31mastropy/io/fits/card.py[0m:1038: VerifyWarning
[36m[1m=========================== short test summary info ============================[0m
[31mFAILED[0m astropy/io/fits/tests/test_header.py::[1mTestHeaderFunctions::test_numpy_float32_card_preserves_concise_value_and_comment[0m - astropy.io.fits.verify.VerifyWarning: Card is too long, comment will be tru...
[31m[31m[1m1 failed[0m[31m in 0.36s[0m[0m
[pipeline] test_exit_code=1
