[pipeline] checking candidate patch
[pipeline] checking generated test patch
[pipeline] executing generated test command
F
======================================================================
FAIL: test_skip_checks_unavailable_without_automatic_checks (user_commands.tests.CommandTests)
----------------------------------------------------------------------
Traceback (most recent call last):
  File "/testbed/tests/user_commands/tests.py", line 235, in test_skip_checks_unavailable_without_automatic_checks
    management.call_command('check', '--skip-checks')
  File "/opt/miniconda3/envs/testbed/lib/python3.6/contextlib.py", line 88, in __exit__
    next(self.gen)
  File "/testbed/django/test/testcases.py", line 675, in _assert_raises_or_warns_cm
    yield cm
AssertionError: CommandError not raised

----------------------------------------------------------------------
Ran 1 test in 0.002s

FAILED (failures=1)
Testing against Django installed in '/testbed/django' with up to 24 processes
System check identified no issues (0 silenced).
System check identified no issues (0 silenced).
[pipeline] test_exit_code=1
