[pipeline] checking candidate patch
[pipeline] checking generated test patch
[pipeline] executing generated test command
Creating test database for alias 'default'...
ETesting against Django installed in '/testbed/django' with up to 24 processes
System check identified no issues (0 silenced).

======================================================================
ERROR: test_subquery_annotation_filter_lazy_to_field (many_to_one.tests.ManyToOneTests)
----------------------------------------------------------------------
Traceback (most recent call last):
  File "/testbed/tests/many_to_one/tests.py", line 581, in test_subquery_annotation_filter_lazy_to_field
    ).get(selected_parent=lazy_parent)
  File "/testbed/django/db/models/query.py", line 427, in get
    self.model._meta.object_name
many_to_one.models.ToFieldChild.DoesNotExist: ToFieldChild matching query does not exist.

----------------------------------------------------------------------
Ran 1 test in 0.002s

FAILED (errors=1)
Destroying test database for alias 'default'...
[pipeline] test_exit_code=1
