[pipeline] checking candidate patch
[pipeline] checking generated test patch
[pipeline] executing generated test command
<frozen importlib._bootstrap>:228: RuntimeWarning: numpy.ndarray size changed, may indicate binary incompatibility. Expected 80 from C header, got 96 from PyObject
Internet access disabled
[31mF[0m[31m                                                                        [100%][0m
=================================== FAILURES ===================================
[31m[1m________________ test_fits_identifier_filepath_takes_precedence ________________[0m

    def test_fits_identifier_filepath_takes_precedence():
        from astropy.io.registry import identify_format
    
        formats = identify_format(
            "write", Table, "table.ecsv", None, [BinTableHDU()], {}
        )
    
>       assert "fits" not in formats
[1m[31mE       AssertionError: assert 'fits' not in ['ascii.ecsv', 'fits'][0m

[1m[31mastropy/io/fits/tests/test_connect.py[0m:1014: AssertionError
[36m[1m=========================== short test summary info ============================[0m
[31mFAILED[0m astropy/io/fits/tests/test_connect.py::[1mtest_fits_identifier_filepath_takes_precedence[0m - AssertionError: assert 'fits' not in ['ascii.ecsv', 'fits']
[31m[31m[1m1 failed[0m[31m in 0.22s[0m[0m
[pipeline] test_exit_code=1
