Using the latest cached version of the dataset since princeton-nlp/SWE-Bench_Verified couldn't be found on the Hugging Face Hub (offline mode is enabled).
Found the latest cached dataset configuration 'default' at /home/rocky/.cache/huggingface/datasets/princeton-nlp___swe-bench_verified/default/0.0.0/c104f840cc67f8b6eec6f759ebc8b2693d585d4a (last modified on Tue Jun 23 03:51:31 2026).
matplotlib__matplotlib-22871 a_as_gold: accepted
Using the latest cached version of the dataset since princeton-nlp/SWE-Bench_Verified couldn't be found on the Hugging Face Hub (offline mode is enabled).
Found the latest cached dataset configuration 'default' at /home/rocky/.cache/huggingface/datasets/princeton-nlp___swe-bench_verified/default/0.0.0/c104f840cc67f8b6eec6f759ebc8b2693d585d4a (last modified on Tue Jun 23 03:51:31 2026).
django__django-16454 b_as_gold: accepted
Using the latest cached version of the dataset since princeton-nlp/SWE-Bench_Verified couldn't be found on the Hugging Face Hub (offline mode is enabled).
Found the latest cached dataset configuration 'default' at /home/rocky/.cache/huggingface/datasets/princeton-nlp___swe-bench_verified/default/0.0.0/c104f840cc67f8b6eec6f759ebc8b2693d585d4a (last modified on Tue Jun 23 03:51:31 2026).
pydata__xarray-4356 a_as_gold: accepted
Using the latest cached version of the dataset since princeton-nlp/SWE-Bench_Verified couldn't be found on the Hugging Face Hub (offline mode is enabled).
Found the latest cached dataset configuration 'default' at /home/rocky/.cache/huggingface/datasets/princeton-nlp___swe-bench_verified/default/0.0.0/c104f840cc67f8b6eec6f759ebc8b2693d585d4a (last modified on Tue Jun 23 03:51:31 2026).
Using the latest cached version of the dataset since princeton-nlp/SWE-Bench_Verified couldn't be found on the Hugging Face Hub (offline mode is enabled).
Found the latest cached dataset configuration 'default' at /home/rocky/.cache/huggingface/datasets/princeton-nlp___swe-bench_verified/default/0.0.0/c104f840cc67f8b6eec6f759ebc8b2693d585d4a (last modified on Tue Jun 23 03:51:31 2026).
scikit-learn__scikit-learn-14983 a_as_gold: accepted
scikit-learn__scikit-learn-13496 b_as_gold: accepted
Using the latest cached version of the dataset since princeton-nlp/SWE-Bench_Verified couldn't be found on the Hugging Face Hub (offline mode is enabled).
Found the latest cached dataset configuration 'default' at /home/rocky/.cache/huggingface/datasets/princeton-nlp___swe-bench_verified/default/0.0.0/c104f840cc67f8b6eec6f759ebc8b2693d585d4a (last modified on Tue Jun 23 03:51:31 2026).
matplotlib__matplotlib-22871 b_as_gold: accepted_negative
Using the latest cached version of the dataset since princeton-nlp/SWE-Bench_Verified couldn't be found on the Hugging Face Hub (offline mode is enabled).
Found the latest cached dataset configuration 'default' at /home/rocky/.cache/huggingface/datasets/princeton-nlp___swe-bench_verified/default/0.0.0/c104f840cc67f8b6eec6f759ebc8b2693d585d4a (last modified on Tue Jun 23 03:51:31 2026).
scikit-learn__scikit-learn-14983 b_as_gold: accepted
Using the latest cached version of the dataset since princeton-nlp/SWE-Bench_Verified couldn't be found on the Hugging Face Hub (offline mode is enabled).
Found the latest cached dataset configuration 'default' at /home/rocky/.cache/huggingface/datasets/princeton-nlp___swe-bench_verified/default/0.0.0/c104f840cc67f8b6eec6f759ebc8b2693d585d4a (last modified on Tue Jun 23 03:51:31 2026).
django__django-15741 a_as_gold: accepted
scikit-learn__scikit-learn-13496 a_as_gold: no_separation
Using the latest cached version of the dataset since princeton-nlp/SWE-Bench_Verified couldn't be found on the Hugging Face Hub (offline mode is enabled).
Found the latest cached dataset configuration 'default' at /home/rocky/.cache/huggingface/datasets/princeton-nlp___swe-bench_verified/default/0.0.0/c104f840cc67f8b6eec6f759ebc8b2693d585d4a (last modified on Tue Jun 23 03:51:31 2026).
sympy__sympy-21612 a_as_gold: accepted
Using the latest cached version of the dataset since princeton-nlp/SWE-Bench_Verified couldn't be found on the Hugging Face Hub (offline mode is enabled).
Found the latest cached dataset configuration 'default' at /home/rocky/.cache/huggingface/datasets/princeton-nlp___swe-bench_verified/default/0.0.0/c104f840cc67f8b6eec6f759ebc8b2693d585d4a (last modified on Tue Jun 23 03:51:31 2026).
pylint-dev__pylint-6386 a_as_gold: accepted_negative
Using the latest cached version of the dataset since princeton-nlp/SWE-Bench_Verified couldn't be found on the Hugging Face Hub (offline mode is enabled).
Found the latest cached dataset configuration 'default' at /home/rocky/.cache/huggingface/datasets/princeton-nlp___swe-bench_verified/default/0.0.0/c104f840cc67f8b6eec6f759ebc8b2693d585d4a (last modified on Tue Jun 23 03:51:31 2026).
django__django-16454 a_as_gold: accepted
Using the latest cached version of the dataset since princeton-nlp/SWE-Bench_Verified couldn't be found on the Hugging Face Hub (offline mode is enabled).
Found the latest cached dataset configuration 'default' at /home/rocky/.cache/huggingface/datasets/princeton-nlp___swe-bench_verified/default/0.0.0/c104f840cc67f8b6eec6f759ebc8b2693d585d4a (last modified on Tue Jun 23 03:51:31 2026).
sympy__sympy-21612 b_as_gold: accepted
Using the latest cached version of the dataset since princeton-nlp/SWE-Bench_Verified couldn't be found on the Hugging Face Hub (offline mode is enabled).
Found the latest cached dataset configuration 'default' at /home/rocky/.cache/huggingface/datasets/princeton-nlp___swe-bench_verified/default/0.0.0/c104f840cc67f8b6eec6f759ebc8b2693d585d4a (last modified on Tue Jun 23 03:51:31 2026).
django__django-15741 b_as_gold: accepted_negative
django__django-13837 b_as_gold: no_separation
sympy__sympy-24066 b_as_gold: no_separation
django__django-11239 a_as_gold: no_separation
django__django-11239 b_as_gold: no_separation
Using the latest cached version of the dataset since princeton-nlp/SWE-Bench_Verified couldn't be found on the Hugging Face Hub (offline mode is enabled).
Found the latest cached dataset configuration 'default' at /home/rocky/.cache/huggingface/datasets/princeton-nlp___swe-bench_verified/default/0.0.0/c104f840cc67f8b6eec6f759ebc8b2693d585d4a (last modified on Tue Jun 23 03:51:31 2026).
sphinx-doc__sphinx-11445 a_as_gold: accepted
Using the latest cached version of the dataset since princeton-nlp/SWE-Bench_Verified couldn't be found on the Hugging Face Hub (offline mode is enabled).
Found the latest cached dataset configuration 'default' at /home/rocky/.cache/huggingface/datasets/princeton-nlp___swe-bench_verified/default/0.0.0/c104f840cc67f8b6eec6f759ebc8b2693d585d4a (last modified on Tue Jun 23 03:51:31 2026).
django__django-13837 a_as_gold: accepted_negative
pydata__xarray-3677 b_as_gold: no_separation
Using the latest cached version of the dataset since princeton-nlp/SWE-Bench_Verified couldn't be found on the Hugging Face Hub (offline mode is enabled).
Found the latest cached dataset configuration 'default' at /home/rocky/.cache/huggingface/datasets/princeton-nlp___swe-bench_verified/default/0.0.0/c104f840cc67f8b6eec6f759ebc8b2693d585d4a (last modified on Tue Jun 23 03:51:31 2026).
sphinx-doc__sphinx-9258 a_as_gold: accepted
Using the latest cached version of the dataset since princeton-nlp/SWE-Bench_Verified couldn't be found on the Hugging Face Hub (offline mode is enabled).
Found the latest cached dataset configuration 'default' at /home/rocky/.cache/huggingface/datasets/princeton-nlp___swe-bench_verified/default/0.0.0/c104f840cc67f8b6eec6f759ebc8b2693d585d4a (last modified on Tue Jun 23 03:51:31 2026).
django__django-13297 a_as_gold: accepted_negative
sympy__sympy-24066 a_as_gold: no_separation
pydata__xarray-3677 a_as_gold: no_separation
Using the latest cached version of the dataset since princeton-nlp/SWE-Bench_Verified couldn't be found on the Hugging Face Hub (offline mode is enabled).
Found the latest cached dataset configuration 'default' at /home/rocky/.cache/huggingface/datasets/princeton-nlp___swe-bench_verified/default/0.0.0/c104f840cc67f8b6eec6f759ebc8b2693d585d4a (last modified on Tue Jun 23 03:51:31 2026).
sphinx-doc__sphinx-9258 b_as_gold: accepted_negative
Using the latest cached version of the dataset since princeton-nlp/SWE-Bench_Verified couldn't be found on the Hugging Face Hub (offline mode is enabled).
Found the latest cached dataset configuration 'default' at /home/rocky/.cache/huggingface/datasets/princeton-nlp___swe-bench_verified/default/0.0.0/c104f840cc67f8b6eec6f759ebc8b2693d585d4a (last modified on Tue Jun 23 03:51:31 2026).
django__django-15098 a_as_gold: accepted_negative
Using the latest cached version of the dataset since princeton-nlp/SWE-Bench_Verified couldn't be found on the Hugging Face Hub (offline mode is enabled).
Found the latest cached dataset configuration 'default' at /home/rocky/.cache/huggingface/datasets/princeton-nlp___swe-bench_verified/default/0.0.0/c104f840cc67f8b6eec6f759ebc8b2693d585d4a (last modified on Tue Jun 23 03:51:31 2026).
django__django-15098 b_as_gold: accepted
Using the latest cached version of the dataset since princeton-nlp/SWE-Bench_Verified couldn't be found on the Hugging Face Hub (offline mode is enabled).
Found the latest cached dataset configuration 'default' at /home/rocky/.cache/huggingface/datasets/princeton-nlp___swe-bench_verified/default/0.0.0/c104f840cc67f8b6eec6f759ebc8b2693d585d4a (last modified on Tue Jun 23 03:51:31 2026).
sympy__sympy-23413 b_as_gold: accepted
pylint-dev__pylint-6386 b_as_gold: no_separation
Using the latest cached version of the dataset since princeton-nlp/SWE-Bench_Verified couldn't be found on the Hugging Face Hub (offline mode is enabled).
Found the latest cached dataset configuration 'default' at /home/rocky/.cache/huggingface/datasets/princeton-nlp___swe-bench_verified/default/0.0.0/c104f840cc67f8b6eec6f759ebc8b2693d585d4a (last modified on Tue Jun 23 03:51:31 2026).
matplotlib__matplotlib-24627 b_as_gold: accepted
Using the latest cached version of the dataset since princeton-nlp/SWE-Bench_Verified couldn't be found on the Hugging Face Hub (offline mode is enabled).
Found the latest cached dataset configuration 'default' at /home/rocky/.cache/huggingface/datasets/princeton-nlp___swe-bench_verified/default/0.0.0/c104f840cc67f8b6eec6f759ebc8b2693d585d4a (last modified on Tue Jun 23 03:51:31 2026).
sympy__sympy-23413 a_as_gold: accepted_negative
Using the latest cached version of the dataset since princeton-nlp/SWE-Bench_Verified couldn't be found on the Hugging Face Hub (offline mode is enabled).
Found the latest cached dataset configuration 'default' at /home/rocky/.cache/huggingface/datasets/princeton-nlp___swe-bench_verified/default/0.0.0/c104f840cc67f8b6eec6f759ebc8b2693d585d4a (last modified on Tue Jun 23 03:51:31 2026).
django__django-13297 b_as_gold: accepted
pydata__xarray-4356 b_as_gold: no_separation
Using the latest cached version of the dataset since princeton-nlp/SWE-Bench_Verified couldn't be found on the Hugging Face Hub (offline mode is enabled).
Found the latest cached dataset configuration 'default' at /home/rocky/.cache/huggingface/datasets/princeton-nlp___swe-bench_verified/default/0.0.0/c104f840cc67f8b6eec6f759ebc8b2693d585d4a (last modified on Tue Jun 23 03:51:31 2026).
sympy__sympy-13757 a_as_gold: accepted_negative
Using the latest cached version of the dataset since princeton-nlp/SWE-Bench_Verified couldn't be found on the Hugging Face Hub (offline mode is enabled).
Found the latest cached dataset configuration 'default' at /home/rocky/.cache/huggingface/datasets/princeton-nlp___swe-bench_verified/default/0.0.0/c104f840cc67f8b6eec6f759ebc8b2693d585d4a (last modified on Tue Jun 23 03:51:31 2026).
psf__requests-1142 a_as_gold: accepted
Using the latest cached version of the dataset since princeton-nlp/SWE-Bench_Verified couldn't be found on the Hugging Face Hub (offline mode is enabled).
Found the latest cached dataset configuration 'default' at /home/rocky/.cache/huggingface/datasets/princeton-nlp___swe-bench_verified/default/0.0.0/c104f840cc67f8b6eec6f759ebc8b2693d585d4a (last modified on Tue Jun 23 03:51:31 2026).
matplotlib__matplotlib-24627 a_as_gold: accepted_negative
psf__requests-1142 b_as_gold: no_separation
Using the latest cached version of the dataset since princeton-nlp/SWE-Bench_Verified couldn't be found on the Hugging Face Hub (offline mode is enabled).
Found the latest cached dataset configuration 'default' at /home/rocky/.cache/huggingface/datasets/princeton-nlp___swe-bench_verified/default/0.0.0/c104f840cc67f8b6eec6f759ebc8b2693d585d4a (last modified on Tue Jun 23 03:51:31 2026).
Using the latest cached version of the dataset since princeton-nlp/SWE-Bench_Verified couldn't be found on the Hugging Face Hub (offline mode is enabled).
Found the latest cached dataset configuration 'default' at /home/rocky/.cache/huggingface/datasets/princeton-nlp___swe-bench_verified/default/0.0.0/c104f840cc67f8b6eec6f759ebc8b2693d585d4a (last modified on Tue Jun 23 03:51:31 2026).
sphinx-doc__sphinx-11445 b_as_gold: accepted
matplotlib__matplotlib-14623 a_as_gold: accepted_negative
Using the latest cached version of the dataset since princeton-nlp/SWE-Bench_Verified couldn't be found on the Hugging Face Hub (offline mode is enabled).
Found the latest cached dataset configuration 'default' at /home/rocky/.cache/huggingface/datasets/princeton-nlp___swe-bench_verified/default/0.0.0/c104f840cc67f8b6eec6f759ebc8b2693d585d4a (last modified on Tue Jun 23 03:51:31 2026).
sphinx-doc__sphinx-9461 b_as_gold: accepted
Using the latest cached version of the dataset since princeton-nlp/SWE-Bench_Verified couldn't be found on the Hugging Face Hub (offline mode is enabled).
Found the latest cached dataset configuration 'default' at /home/rocky/.cache/huggingface/datasets/princeton-nlp___swe-bench_verified/default/0.0.0/c104f840cc67f8b6eec6f759ebc8b2693d585d4a (last modified on Tue Jun 23 03:51:31 2026).
matplotlib__matplotlib-14623 b_as_gold: accepted
sphinx-doc__sphinx-9461 a_as_gold: no_separation
Using the latest cached version of the dataset since princeton-nlp/SWE-Bench_Verified couldn't be found on the Hugging Face Hub (offline mode is enabled).
Found the latest cached dataset configuration 'default' at /home/rocky/.cache/huggingface/datasets/princeton-nlp___swe-bench_verified/default/0.0.0/c104f840cc67f8b6eec6f759ebc8b2693d585d4a (last modified on Tue Jun 23 03:51:31 2026).
django__django-11400 b_as_gold: accepted
Using the latest cached version of the dataset since princeton-nlp/SWE-Bench_Verified couldn't be found on the Hugging Face Hub (offline mode is enabled).
Found the latest cached dataset configuration 'default' at /home/rocky/.cache/huggingface/datasets/princeton-nlp___swe-bench_verified/default/0.0.0/c104f840cc67f8b6eec6f759ebc8b2693d585d4a (last modified on Tue Jun 23 03:51:31 2026).
sympy__sympy-13757 b_as_gold: accepted
Using the latest cached version of the dataset since princeton-nlp/SWE-Bench_Verified couldn't be found on the Hugging Face Hub (offline mode is enabled).
Found the latest cached dataset configuration 'default' at /home/rocky/.cache/huggingface/datasets/princeton-nlp___swe-bench_verified/default/0.0.0/c104f840cc67f8b6eec6f759ebc8b2693d585d4a (last modified on Tue Jun 23 03:51:31 2026).
pytest-dev__pytest-7205 a_as_gold: accepted_negative
Using the latest cached version of the dataset since princeton-nlp/SWE-Bench_Verified couldn't be found on the Hugging Face Hub (offline mode is enabled).
Found the latest cached dataset configuration 'default' at /home/rocky/.cache/huggingface/datasets/princeton-nlp___swe-bench_verified/default/0.0.0/c104f840cc67f8b6eec6f759ebc8b2693d585d4a (last modified on Tue Jun 23 03:51:31 2026).
django__django-14170 b_as_gold: accepted_negative
Using the latest cached version of the dataset since princeton-nlp/SWE-Bench_Verified couldn't be found on the Hugging Face Hub (offline mode is enabled).
Found the latest cached dataset configuration 'default' at /home/rocky/.cache/huggingface/datasets/princeton-nlp___swe-bench_verified/default/0.0.0/c104f840cc67f8b6eec6f759ebc8b2693d585d4a (last modified on Tue Jun 23 03:51:31 2026).
django__django-14631 a_as_gold: infrastructure_failed
Using the latest cached version of the dataset since princeton-nlp/SWE-Bench_Verified couldn't be found on the Hugging Face Hub (offline mode is enabled).
Found the latest cached dataset configuration 'default' at /home/rocky/.cache/huggingface/datasets/princeton-nlp___swe-bench_verified/default/0.0.0/c104f840cc67f8b6eec6f759ebc8b2693d585d4a (last modified on Tue Jun 23 03:51:31 2026).
pytest-dev__pytest-7205 b_as_gold: accepted
Using the latest cached version of the dataset since princeton-nlp/SWE-Bench_Verified couldn't be found on the Hugging Face Hub (offline mode is enabled).
Found the latest cached dataset configuration 'default' at /home/rocky/.cache/huggingface/datasets/princeton-nlp___swe-bench_verified/default/0.0.0/c104f840cc67f8b6eec6f759ebc8b2693d585d4a (last modified on Tue Jun 23 03:51:31 2026).
Using the latest cached version of the dataset since princeton-nlp/SWE-Bench_Verified couldn't be found on the Hugging Face Hub (offline mode is enabled).
Found the latest cached dataset configuration 'default' at /home/rocky/.cache/huggingface/datasets/princeton-nlp___swe-bench_verified/default/0.0.0/c104f840cc67f8b6eec6f759ebc8b2693d585d4a (last modified on Tue Jun 23 03:51:31 2026).
django__django-11400 a_as_gold: accepted_negative
django__django-16612 b_as_gold: accepted_negative
Using the latest cached version of the dataset since princeton-nlp/SWE-Bench_Verified couldn't be found on the Hugging Face Hub (offline mode is enabled).
Found the latest cached dataset configuration 'default' at /home/rocky/.cache/huggingface/datasets/princeton-nlp___swe-bench_verified/default/0.0.0/c104f840cc67f8b6eec6f759ebc8b2693d585d4a (last modified on Tue Jun 23 03:51:31 2026).
django__django-14631 b_as_gold: accepted
Using the latest cached version of the dataset since princeton-nlp/SWE-Bench_Verified couldn't be found on the Hugging Face Hub (offline mode is enabled).
Found the latest cached dataset configuration 'default' at /home/rocky/.cache/huggingface/datasets/princeton-nlp___swe-bench_verified/default/0.0.0/c104f840cc67f8b6eec6f759ebc8b2693d585d4a (last modified on Tue Jun 23 03:51:31 2026).
django__django-11848 b_as_gold: accepted
Using the latest cached version of the dataset since princeton-nlp/SWE-Bench_Verified couldn't be found on the Hugging Face Hub (offline mode is enabled).
Found the latest cached dataset configuration 'default' at /home/rocky/.cache/huggingface/datasets/princeton-nlp___swe-bench_verified/default/0.0.0/c104f840cc67f8b6eec6f759ebc8b2693d585d4a (last modified on Tue Jun 23 03:51:31 2026).
django__django-15268 a_as_gold: accepted
Using the latest cached version of the dataset since princeton-nlp/SWE-Bench_Verified couldn't be found on the Hugging Face Hub (offline mode is enabled).
Found the latest cached dataset configuration 'default' at /home/rocky/.cache/huggingface/datasets/princeton-nlp___swe-bench_verified/default/0.0.0/c104f840cc67f8b6eec6f759ebc8b2693d585d4a (last modified on Tue Jun 23 03:51:31 2026).
django__django-11848 a_as_gold: accepted_negative
django__django-14170 a_as_gold: no_separation
Using the latest cached version of the dataset since princeton-nlp/SWE-Bench_Verified couldn't be found on the Hugging Face Hub (offline mode is enabled).
Found the latest cached dataset configuration 'default' at /home/rocky/.cache/huggingface/datasets/princeton-nlp___swe-bench_verified/default/0.0.0/c104f840cc67f8b6eec6f759ebc8b2693d585d4a (last modified on Tue Jun 23 03:51:31 2026).
pylint-dev__pylint-8898 a_as_gold: accepted
Using the latest cached version of the dataset since princeton-nlp/SWE-Bench_Verified couldn't be found on the Hugging Face Hub (offline mode is enabled).
Found the latest cached dataset configuration 'default' at /home/rocky/.cache/huggingface/datasets/princeton-nlp___swe-bench_verified/default/0.0.0/c104f840cc67f8b6eec6f759ebc8b2693d585d4a (last modified on Tue Jun 23 03:51:31 2026).
django__django-16612 a_as_gold: accepted
Using the latest cached version of the dataset since princeton-nlp/SWE-Bench_Verified couldn't be found on the Hugging Face Hub (offline mode is enabled).
Found the latest cached dataset configuration 'default' at /home/rocky/.cache/huggingface/datasets/princeton-nlp___swe-bench_verified/default/0.0.0/c104f840cc67f8b6eec6f759ebc8b2693d585d4a (last modified on Tue Jun 23 03:51:31 2026).
sphinx-doc__sphinx-7462 b_as_gold: no_separation
matplotlib__matplotlib-25479 b_as_gold: accepted_negative
Using the latest cached version of the dataset since princeton-nlp/SWE-Bench_Verified couldn't be found on the Hugging Face Hub (offline mode is enabled).
Found the latest cached dataset configuration 'default' at /home/rocky/.cache/huggingface/datasets/princeton-nlp___swe-bench_verified/default/0.0.0/c104f840cc67f8b6eec6f759ebc8b2693d585d4a (last modified on Tue Jun 23 03:51:31 2026).
django__django-15268 b_as_gold: accepted_negative
Using the latest cached version of the dataset since princeton-nlp/SWE-Bench_Verified couldn't be found on the Hugging Face Hub (offline mode is enabled).
Found the latest cached dataset configuration 'default' at /home/rocky/.cache/huggingface/datasets/princeton-nlp___swe-bench_verified/default/0.0.0/c104f840cc67f8b6eec6f759ebc8b2693d585d4a (last modified on Tue Jun 23 03:51:31 2026).
matplotlib__matplotlib-24026 b_as_gold: accepted
Using the latest cached version of the dataset since princeton-nlp/SWE-Bench_Verified couldn't be found on the Hugging Face Hub (offline mode is enabled).
Found the latest cached dataset configuration 'default' at /home/rocky/.cache/huggingface/datasets/princeton-nlp___swe-bench_verified/default/0.0.0/c104f840cc67f8b6eec6f759ebc8b2693d585d4a (last modified on Tue Jun 23 03:51:31 2026).
django__django-16661 b_as_gold: accepted
Using the latest cached version of the dataset since princeton-nlp/SWE-Bench_Verified couldn't be found on the Hugging Face Hub (offline mode is enabled).
Found the latest cached dataset configuration 'default' at /home/rocky/.cache/huggingface/datasets/princeton-nlp___swe-bench_verified/default/0.0.0/c104f840cc67f8b6eec6f759ebc8b2693d585d4a (last modified on Tue Jun 23 03:51:31 2026).
pylint-dev__pylint-8898 b_as_gold: accepted
sphinx-doc__sphinx-7462 a_as_gold: no_separation
Using the latest cached version of the dataset since princeton-nlp/SWE-Bench_Verified couldn't be found on the Hugging Face Hub (offline mode is enabled).
Found the latest cached dataset configuration 'default' at /home/rocky/.cache/huggingface/datasets/princeton-nlp___swe-bench_verified/default/0.0.0/c104f840cc67f8b6eec6f759ebc8b2693d585d4a (last modified on Tue Jun 23 03:51:31 2026).
matplotlib__matplotlib-24026 a_as_gold: accepted
Using the latest cached version of the dataset since princeton-nlp/SWE-Bench_Verified couldn't be found on the Hugging Face Hub (offline mode is enabled).
Found the latest cached dataset configuration 'default' at /home/rocky/.cache/huggingface/datasets/princeton-nlp___swe-bench_verified/default/0.0.0/c104f840cc67f8b6eec6f759ebc8b2693d585d4a (last modified on Tue Jun 23 03:51:31 2026).
django__django-16661 a_as_gold: accepted_negative
scikit-learn__scikit-learn-13135 a_as_gold: no_separation
Using the latest cached version of the dataset since princeton-nlp/SWE-Bench_Verified couldn't be found on the Hugging Face Hub (offline mode is enabled).
Found the latest cached dataset configuration 'default' at /home/rocky/.cache/huggingface/datasets/princeton-nlp___swe-bench_verified/default/0.0.0/c104f840cc67f8b6eec6f759ebc8b2693d585d4a (last modified on Tue Jun 23 03:51:31 2026).
scikit-learn__scikit-learn-13135 b_as_gold: accepted_negative
Using the latest cached version of the dataset since princeton-nlp/SWE-Bench_Verified couldn't be found on the Hugging Face Hub (offline mode is enabled).
Found the latest cached dataset configuration 'default' at /home/rocky/.cache/huggingface/datasets/princeton-nlp___swe-bench_verified/default/0.0.0/c104f840cc67f8b6eec6f759ebc8b2693d585d4a (last modified on Tue Jun 23 03:51:31 2026).
sympy__sympy-12096 b_as_gold: accepted_negative
Using the latest cached version of the dataset since princeton-nlp/SWE-Bench_Verified couldn't be found on the Hugging Face Hub (offline mode is enabled).
Found the latest cached dataset configuration 'default' at /home/rocky/.cache/huggingface/datasets/princeton-nlp___swe-bench_verified/default/0.0.0/c104f840cc67f8b6eec6f759ebc8b2693d585d4a (last modified on Tue Jun 23 03:51:31 2026).
django__django-11815 a_as_gold: accepted
Using the latest cached version of the dataset since princeton-nlp/SWE-Bench_Verified couldn't be found on the Hugging Face Hub (offline mode is enabled).
Found the latest cached dataset configuration 'default' at /home/rocky/.cache/huggingface/datasets/princeton-nlp___swe-bench_verified/default/0.0.0/c104f840cc67f8b6eec6f759ebc8b2693d585d4a (last modified on Tue Jun 23 03:51:31 2026).
matplotlib__matplotlib-25479 a_as_gold: accepted
sympy__sympy-12096 a_as_gold: no_separation
Using the latest cached version of the dataset since princeton-nlp/SWE-Bench_Verified couldn't be found on the Hugging Face Hub (offline mode is enabled).
Found the latest cached dataset configuration 'default' at /home/rocky/.cache/huggingface/datasets/princeton-nlp___swe-bench_verified/default/0.0.0/c104f840cc67f8b6eec6f759ebc8b2693d585d4a (last modified on Tue Jun 23 03:51:31 2026).
django__django-15128 b_as_gold: accepted
Using the latest cached version of the dataset since princeton-nlp/SWE-Bench_Verified couldn't be found on the Hugging Face Hub (offline mode is enabled).
Found the latest cached dataset configuration 'default' at /home/rocky/.cache/huggingface/datasets/princeton-nlp___swe-bench_verified/default/0.0.0/c104f840cc67f8b6eec6f759ebc8b2693d585d4a (last modified on Tue Jun 23 03:51:31 2026).
sphinx-doc__sphinx-9230 a_as_gold: accepted
Using the latest cached version of the dataset since princeton-nlp/SWE-Bench_Verified couldn't be found on the Hugging Face Hub (offline mode is enabled).
Found the latest cached dataset configuration 'default' at /home/rocky/.cache/huggingface/datasets/princeton-nlp___swe-bench_verified/default/0.0.0/c104f840cc67f8b6eec6f759ebc8b2693d585d4a (last modified on Tue Jun 23 03:51:31 2026).
sphinx-doc__sphinx-9281 a_as_gold: accepted_negative
Using the latest cached version of the dataset since princeton-nlp/SWE-Bench_Verified couldn't be found on the Hugging Face Hub (offline mode is enabled).
Found the latest cached dataset configuration 'default' at /home/rocky/.cache/huggingface/datasets/princeton-nlp___swe-bench_verified/default/0.0.0/c104f840cc67f8b6eec6f759ebc8b2693d585d4a (last modified on Tue Jun 23 03:51:31 2026).
sphinx-doc__sphinx-9281 b_as_gold: accepted
Using the latest cached version of the dataset since princeton-nlp/SWE-Bench_Verified couldn't be found on the Hugging Face Hub (offline mode is enabled).
Found the latest cached dataset configuration 'default' at /home/rocky/.cache/huggingface/datasets/princeton-nlp___swe-bench_verified/default/0.0.0/c104f840cc67f8b6eec6f759ebc8b2693d585d4a (last modified on Tue Jun 23 03:51:31 2026).
django__django-15128 a_as_gold: accepted_negative
Using the latest cached version of the dataset since princeton-nlp/SWE-Bench_Verified couldn't be found on the Hugging Face Hub (offline mode is enabled).
Found the latest cached dataset configuration 'default' at /home/rocky/.cache/huggingface/datasets/princeton-nlp___swe-bench_verified/default/0.0.0/c104f840cc67f8b6eec6f759ebc8b2693d585d4a (last modified on Tue Jun 23 03:51:31 2026).
django__django-14155 a_as_gold: accepted_negative
Using the latest cached version of the dataset since princeton-nlp/SWE-Bench_Verified couldn't be found on the Hugging Face Hub (offline mode is enabled).
Found the latest cached dataset configuration 'default' at /home/rocky/.cache/huggingface/datasets/princeton-nlp___swe-bench_verified/default/0.0.0/c104f840cc67f8b6eec6f759ebc8b2693d585d4a (last modified on Tue Jun 23 03:51:31 2026).
django__django-11138 b_as_gold: accepted_negative
matplotlib__matplotlib-22719 b_as_gold: no_separation
Using the latest cached version of the dataset since princeton-nlp/SWE-Bench_Verified couldn't be found on the Hugging Face Hub (offline mode is enabled).
Found the latest cached dataset configuration 'default' at /home/rocky/.cache/huggingface/datasets/princeton-nlp___swe-bench_verified/default/0.0.0/c104f840cc67f8b6eec6f759ebc8b2693d585d4a (last modified on Tue Jun 23 03:51:31 2026).
sympy__sympy-21596 b_as_gold: accepted_negative
Using the latest cached version of the dataset since princeton-nlp/SWE-Bench_Verified couldn't be found on the Hugging Face Hub (offline mode is enabled).
Found the latest cached dataset configuration 'default' at /home/rocky/.cache/huggingface/datasets/princeton-nlp___swe-bench_verified/default/0.0.0/c104f840cc67f8b6eec6f759ebc8b2693d585d4a (last modified on Tue Jun 23 03:51:31 2026).
django__django-11138 a_as_gold: accepted
Using the latest cached version of the dataset since princeton-nlp/SWE-Bench_Verified couldn't be found on the Hugging Face Hub (offline mode is enabled).
Found the latest cached dataset configuration 'default' at /home/rocky/.cache/huggingface/datasets/princeton-nlp___swe-bench_verified/default/0.0.0/c104f840cc67f8b6eec6f759ebc8b2693d585d4a (last modified on Tue Jun 23 03:51:31 2026).
sphinx-doc__sphinx-9230 b_as_gold: accepted_negative
Using the latest cached version of the dataset since princeton-nlp/SWE-Bench_Verified couldn't be found on the Hugging Face Hub (offline mode is enabled).
Found the latest cached dataset configuration 'default' at /home/rocky/.cache/huggingface/datasets/princeton-nlp___swe-bench_verified/default/0.0.0/c104f840cc67f8b6eec6f759ebc8b2693d585d4a (last modified on Tue Jun 23 03:51:31 2026).
matplotlib__matplotlib-22719 a_as_gold: accepted
Using the latest cached version of the dataset since princeton-nlp/SWE-Bench_Verified couldn't be found on the Hugging Face Hub (offline mode is enabled).
Found the latest cached dataset configuration 'default' at /home/rocky/.cache/huggingface/datasets/princeton-nlp___swe-bench_verified/default/0.0.0/c104f840cc67f8b6eec6f759ebc8b2693d585d4a (last modified on Tue Jun 23 03:51:31 2026).
sympy__sympy-21596 a_as_gold: accepted_negative
Using the latest cached version of the dataset since princeton-nlp/SWE-Bench_Verified couldn't be found on the Hugging Face Hub (offline mode is enabled).
Found the latest cached dataset configuration 'default' at /home/rocky/.cache/huggingface/datasets/princeton-nlp___swe-bench_verified/default/0.0.0/c104f840cc67f8b6eec6f759ebc8b2693d585d4a (last modified on Tue Jun 23 03:51:31 2026).
django__django-11815 b_as_gold: accepted_negative
Using the latest cached version of the dataset since princeton-nlp/SWE-Bench_Verified couldn't be found on the Hugging Face Hub (offline mode is enabled).
Found the latest cached dataset configuration 'default' at /home/rocky/.cache/huggingface/datasets/princeton-nlp___swe-bench_verified/default/0.0.0/c104f840cc67f8b6eec6f759ebc8b2693d585d4a (last modified on Tue Jun 23 03:51:31 2026).
django__django-11163 a_as_gold: accepted
Using the latest cached version of the dataset since princeton-nlp/SWE-Bench_Verified couldn't be found on the Hugging Face Hub (offline mode is enabled).
Found the latest cached dataset configuration 'default' at /home/rocky/.cache/huggingface/datasets/princeton-nlp___swe-bench_verified/default/0.0.0/c104f840cc67f8b6eec6f759ebc8b2693d585d4a (last modified on Tue Jun 23 03:51:31 2026).
Using the latest cached version of the dataset since princeton-nlp/SWE-Bench_Verified couldn't be found on the Hugging Face Hub (offline mode is enabled).
Found the latest cached dataset configuration 'default' at /home/rocky/.cache/huggingface/datasets/princeton-nlp___swe-bench_verified/default/0.0.0/c104f840cc67f8b6eec6f759ebc8b2693d585d4a (last modified on Tue Jun 23 03:51:31 2026).
django__django-15127 b_as_gold: accepted
django__django-11163 b_as_gold: accepted_negative
Using the latest cached version of the dataset since princeton-nlp/SWE-Bench_Verified couldn't be found on the Hugging Face Hub (offline mode is enabled).
Found the latest cached dataset configuration 'default' at /home/rocky/.cache/huggingface/datasets/princeton-nlp___swe-bench_verified/default/0.0.0/c104f840cc67f8b6eec6f759ebc8b2693d585d4a (last modified on Tue Jun 23 03:51:31 2026).
sympy__sympy-18199 a_as_gold: accepted_negative
Using the latest cached version of the dataset since princeton-nlp/SWE-Bench_Verified couldn't be found on the Hugging Face Hub (offline mode is enabled).
Found the latest cached dataset configuration 'default' at /home/rocky/.cache/huggingface/datasets/princeton-nlp___swe-bench_verified/default/0.0.0/c104f840cc67f8b6eec6f759ebc8b2693d585d4a (last modified on Tue Jun 23 03:51:31 2026).
django__django-14155 b_as_gold: accepted
Using the latest cached version of the dataset since princeton-nlp/SWE-Bench_Verified couldn't be found on the Hugging Face Hub (offline mode is enabled).
Found the latest cached dataset configuration 'default' at /home/rocky/.cache/huggingface/datasets/princeton-nlp___swe-bench_verified/default/0.0.0/c104f840cc67f8b6eec6f759ebc8b2693d585d4a (last modified on Tue Jun 23 03:51:31 2026).
Using the latest cached version of the dataset since princeton-nlp/SWE-Bench_Verified couldn't be found on the Hugging Face Hub (offline mode is enabled).
Found the latest cached dataset configuration 'default' at /home/rocky/.cache/huggingface/datasets/princeton-nlp___swe-bench_verified/default/0.0.0/c104f840cc67f8b6eec6f759ebc8b2693d585d4a (last modified on Tue Jun 23 03:51:31 2026).
django__django-15127 a_as_gold: accepted_negative
pydata__xarray-6744 a_as_gold: accepted
sympy__sympy-22456 a_as_gold: no_separation
Using the latest cached version of the dataset since princeton-nlp/SWE-Bench_Verified couldn't be found on the Hugging Face Hub (offline mode is enabled).
Found the latest cached dataset configuration 'default' at /home/rocky/.cache/huggingface/datasets/princeton-nlp___swe-bench_verified/default/0.0.0/c104f840cc67f8b6eec6f759ebc8b2693d585d4a (last modified on Tue Jun 23 03:51:31 2026).
sympy__sympy-22456 b_as_gold: infrastructure_failed
Using the latest cached version of the dataset since princeton-nlp/SWE-Bench_Verified couldn't be found on the Hugging Face Hub (offline mode is enabled).
Found the latest cached dataset configuration 'default' at /home/rocky/.cache/huggingface/datasets/princeton-nlp___swe-bench_verified/default/0.0.0/c104f840cc67f8b6eec6f759ebc8b2693d585d4a (last modified on Tue Jun 23 03:51:31 2026).
sympy__sympy-18199 b_as_gold: infrastructure_failed
pydata__xarray-6744 b_as_gold: no_separation
{
  "accepted": 43,
  "accepted_negative": 32,
  "infrastructure_failed": 3,
  "no_separation": 20
}
