[pipeline] checking candidate patch
[pipeline] checking generated test patch
[pipeline] executing generated test command
F
======================================================================
FAIL: test_serialize_nested_builtin_type (migrations.test_writer.WriterTests)
----------------------------------------------------------------------
Traceback (most recent call last):
  File "/testbed/tests/migrations/test_writer.py", line 195, in safe_exec
    exec(string, globals(), d)
  File "<string>", line 2, in <module>
NameError: name 'Nested' is not defined

During handling of the above exception, another exception occurred:

Traceback (most recent call last):
  File "/testbed/tests/migrations/test_writer.py", line 282, in test_serialize_nested_builtin_type
    self.assertIs(self.serialize_round_trip(MigrationTypes.Nested), MigrationTypes.Nested)
  File "/testbed/tests/migrations/test_writer.py", line 205, in serialize_round_trip
    return self.safe_exec("%s\ntest_value_result = %s" % ("\n".join(imports), string), value)['test_value_result']
  File "/testbed/tests/migrations/test_writer.py", line 198, in safe_exec
    self.fail("Could not exec %r (from value %r): %s" % (string.strip(), value, e))
AssertionError: Could not exec 'test_value_result = Nested' (from value <class 'Nested'>): name 'Nested' is not defined

----------------------------------------------------------------------
Ran 1 test in 0.000s

FAILED (failures=1)
Testing against Django installed in '/testbed/django' with up to 24 processes
System check identified no issues (0 silenced).
[pipeline] test_exit_code=1
