[pipeline] checking candidate patch
[pipeline] checking generated test patch
[pipeline] executing generated test command
Creating test database for alias 'default'...
E
======================================================================
ERROR: test_raw_save_with_default_primary_key (serializers.test_natural.NaturalKeySerializerTests)
----------------------------------------------------------------------
Traceback (most recent call last):
  File "/testbed/django/db/backends/utils.py", line 84, in _execute
    return self.cursor.execute(sql, params)
  File "/testbed/django/db/backends/sqlite3/base.py", line 401, in execute
    return Database.Cursor.execute(self, query, params)
sqlite3.IntegrityError: UNIQUE constraint failed: serializers_naturalpkwithdefault.id

The above exception was the direct cause of the following exception:

Traceback (most recent call last):
  File "/testbed/tests/serializers/test_natural.py", line 17, in test_raw_save_with_default_primary_key
    obj.save_base(raw=True)
  File "/testbed/django/db/models/base.py", line 806, in save_base
    force_update, using, update_fields,
  File "/testbed/django/db/models/base.py", line 910, in _save_table
    results = self._do_insert(cls._base_manager, using, fields, returning_fields, raw)
  File "/testbed/django/db/models/base.py", line 949, in _do_insert
    using=using, raw=raw,
  File "/testbed/django/db/models/manager.py", line 82, in manager_method
    return getattr(self.get_queryset(), name)(*args, **kwargs)
  File "/testbed/django/db/models/query.py", line 1226, in _insert
    return query.get_compiler(using=using).execute_sql(returning_fields)
  File "/testbed/django/db/models/sql/compiler.py", line 1374, in execute_sql
    cursor.execute(sql, params)
  File "/testbed/django/db/backends/utils.py", line 66, in execute
    return self._execute_with_wrappers(sql, params, many=False, executor=self._execute)
  File "/testbed/django/db/backends/utils.py", line 75, in _execute_with_wrappers
    return executor(sql, params, many, context)
  File "/testbed/django/db/backends/utils.py", line 84, in _execute
    return self.cursor.execute(sql, params)
  File "/testbed/django/db/utils.py", line 90, in __exit__
    raise dj_exc_value.with_traceback(traceback) from exc_value
  File "/testbed/django/db/backends/utils.py", line 84, in _execute
    return self.cursor.execute(sql, params)
  File "/testbed/django/db/backends/sqlite3/base.py", line 401, in execute
    return Database.Cursor.execute(self, query, params)
django.db.utils.IntegrityError: UNIQUE constraint failed: serializers_naturalpkwithdefault.id

----------------------------------------------------------------------
Ran 1 test in 0.002s

FAILED (errors=1)
Destroying test database for alias 'default'...
Testing against Django installed in '/testbed/django' with up to 24 processes
System check identified no issues (0 silenced).
[pipeline] test_exit_code=1
