[pipeline] checking candidate patch
[pipeline] checking generated test patch
[pipeline] executing generated test command
FTesting against Django installed in '/testbed/django' with up to 24 processes
System check identified no issues (0 silenced).

======================================================================
FAIL: test_ordering_rejects_lookup_after_registered_transform (invalid_models_tests.test_models.OtherModelTests)
----------------------------------------------------------------------
Traceback (most recent call last):
  File "/testbed/tests/invalid_models_tests/test_models.py", line 840, in test_ordering_rejects_lookup_after_registered_transform
    id='models.E015',
AssertionError: Lists differ: [] != [<Error: level=40, msg="'ordering' refers [236 chars]15'>]

Second list contains 1 additional elements.
First extra element 0:
<Error: level=40, msg="'ordering' refers to the nonexistent field, related field, or lookup 'test__lower__missing'.", hint=None, obj=<class 'invalid_models_tests.test_models.OtherModelTests.test_ordering_rejects_lookup_after_registered_transform.<locals>.Model'>, id='models.E015'>

- []
+ [<Error: level=40, msg="'ordering' refers to the nonexistent field, related field, or lookup 'test__lower__missing'.", hint=None, obj=<class 'invalid_models_tests.test_models.OtherModelTests.test_ordering_rejects_lookup_after_registered_transform.<locals>.Model'>, id='models.E015'>]

----------------------------------------------------------------------
Ran 1 test in 0.001s

FAILED (failures=1)
[pipeline] test_exit_code=1
