[pipeline] checking candidate patch
[pipeline] checking generated test patch
[pipeline] executing generated test command
F
======================================================================
FAIL: test_negative_decimal_below_precision (utils_tests.test_numberformat.TestNumberFormat)
----------------------------------------------------------------------
Traceback (most recent call last):
  File "/testbed/tests/utils_tests/test_numberformat.py", line 104, in test_negative_decimal_below_precision
    self.assertEqual(nformat(Decimal('-9e-19'), '.', decimal_pos=2), '0.00')
AssertionError: '-0.00' != '0.00'
- -0.00
? -
+ 0.00


----------------------------------------------------------------------
Ran 1 test in 0.000s

FAILED (failures=1)
Testing against Django installed in '/testbed/django' with up to 24 processes
System check identified no issues (0 silenced).
[pipeline] test_exit_code=1
