[pipeline] checking candidate patch
[pipeline] checking generated test patch
[pipeline] executing generated test command
<frozen importlib._bootstrap>:228: RuntimeWarning: numpy.ndarray size changed, may indicate binary incompatibility. Expected 80 from C header, got 96 from PyObject
Internet access disabled
[31mF[0m[31m                                                                        [100%][0m
=================================== FAILURES ===================================
[31m[1m___________________ test_unmasked_sum_without_binary_operand ___________________[0m

    def test_unmasked_sum_without_binary_operand():
>       result = NDDataRef([[1, 2], [3, 4]]).sum(axis=0)

[1m[31mastropy/nddata/mixins/tests/test_ndarithmetic_unary_mask.py[0m:7: 
_ _ _ _ _ _ _ _ _ _ _ _ _ _ _ _ _ _ _ _ _ _ _ _ _ _ _ _ _ _ _ _ _ _ _ _ _ _ _ _ 
[1m[31mastropy/nddata/mixins/ndarithmetic.py[0m:631: in sum
    return self._prepare_then_do_arithmetic(np.sum, **kwargs)
[1m[31mastropy/nddata/mixins/ndarithmetic.py[0m:743: in _prepare_then_do_arithmetic
    result, init_kwds = self_or_cls._arithmetic(
[1m[31mastropy/nddata/mixins/ndarithmetic.py[0m:290: in _arithmetic
    result = self._arithmetic_data(
_ _ _ _ _ _ _ _ _ _ _ _ _ _ _ _ _ _ _ _ _ _ _ _ _ _ _ _ _ _ _ _ _ _ _ _ _ _ _ _ 

self = NDDataRef([[1, 2],
           [3, 4]])
operation = <function sum at 0x711b4f0c1670>, operand = None, kwds = {'axis': 0}

    def _arithmetic_data(self, operation, operand, **kwds):
        """
        Calculate the resulting data.
    
        Parameters
        ----------
        operation : callable
            see `NDArithmeticMixin._arithmetic` parameter description.
    
        operand : `NDData`-like instance
            The second operand wrapped in an instance of the same class as
            self.
    
        kwds :
            Additional parameters.
    
        Returns
        -------
        result_data : ndarray or `~astropy.units.Quantity`
            If both operands had no unit the resulting data is a simple numpy
            array, but if any of the operands had a unit the return is a
            Quantity.
        """
        # Do the calculation with or without units
        if self.unit is None:
>           if operand.unit is None:
[1m[31mE           AttributeError: 'NoneType' object has no attribute 'unit'[0m

[1m[31mastropy/nddata/mixins/ndarithmetic.py[0m:379: AttributeError
[36m[1m=========================== short test summary info ============================[0m
[31mFAILED[0m astropy/nddata/mixins/tests/test_ndarithmetic_unary_mask.py::[1mtest_unmasked_sum_without_binary_operand[0m - AttributeError: 'NoneType' object has no attribute 'unit'
[31m[31m[1m1 failed[0m[31m in 0.17s[0m[0m
[pipeline] test_exit_code=1
