$ /home/rocky/SWE-ABS/mini-swe-agent/.venv/bin/python /home/rocky/SWE-ABS/test-banks/materialize_oracle_augmented_verified.py --bank /home/rocky/SWE-ABS/mini-swe-agent/runs/spec-refinement-core-r2-negative-filter-on-v1/constraints --output-dir /home/rocky/SWE-ABS/mini-swe-agent/runs/spec-refinement-core-r2-negative-filter-on-v1/round-04/input-suite --dataset princeton-nlp/SWE-Bench_Verified --split test
Warning: You are sending unauthenticated requests to the HF Hub. Please set a HF_TOKEN to enable higher rate limits and faster downloads.
{
  "accepted_test_count": 158,
  "admission_rule": "oracle_decision == accept and bank bucket == accepted; positive tests must pass and negative tests must match their strict failure fingerprint",
  "augmented_instance_count": 60,
  "augmented_instance_ids": [
    "django__django-11138",
    "django__django-11163",
    "django__django-11239",
    "django__django-11265",
    "django__django-11400",
    "django__django-11815",
    "django__django-11848",
    "django__django-11964",
    "django__django-13212",
    "django__django-13297",
    "django__django-13837",
    "django__django-14155",
    "django__django-14376",
    "django__django-14631",
    "django__django-15098",
    "django__django-15127",
    "django__django-15128",
    "django__django-15268",
    "django__django-15741",
    "django__django-15987",
    "django__django-16100",
    "django__django-16454",
    "django__django-16612",
    "django__django-16661",
    "matplotlib__matplotlib-14623",
    "matplotlib__matplotlib-22719",
    "matplotlib__matplotlib-22871",
    "matplotlib__matplotlib-24026",
    "matplotlib__matplotlib-24627",
    "matplotlib__matplotlib-25311",
    "matplotlib__matplotlib-25479",
    "matplotlib__matplotlib-26466",
    "psf__requests-1142",
    "pydata__xarray-4356",
    "pydata__xarray-6744",
    "pydata__xarray-7229",
    "pylint-dev__pylint-6386",
    "pylint-dev__pylint-8898",
    "pytest-dev__pytest-7205",
    "scikit-learn__scikit-learn-10297",
    "scikit-learn__scikit-learn-13135",
    "scikit-learn__scikit-learn-13496",
    "scikit-learn__scikit-learn-14983",
    "sphinx-doc__sphinx-10466",
    "sphinx-doc__sphinx-11445",
    "sphinx-doc__sphinx-7462",
    "sphinx-doc__sphinx-7985",
    "sphinx-doc__sphinx-9230",
    "sphinx-doc__sphinx-9258",
    "sphinx-doc__sphinx-9281",
    "sphinx-doc__sphinx-9461",
    "sympy__sympy-12096",
    "sympy__sympy-13757",
    "sympy__sympy-15599",
    "sympy__sympy-18199",
    "sympy__sympy-21596",
    "sympy__sympy-21612",
    "sympy__sympy-21930",
    "sympy__sympy-22456",
    "sympy__sympy-23413"
  ],
  "created_at": "2026-09-08T21:32:10.427871+00:00",
  "dataset_file": "swebench_verified_oracle_augmented.jsonl",
  "dataset_sha256": "1b79dc61b6772c22c7823d2c8be8817c6c1669ea3dd2f26944d76f561966c5c8",
  "oracle_bank": "/home/rocky/SWE-ABS/mini-swe-agent/runs/spec-refinement-core-r2-negative-filter-on-v1/constraints",
  "private_evidence_included": false,
  "schema_version": 2,
  "source_dataset": "princeton-nlp/SWE-Bench_Verified",
  "source_fingerprint": "1fdfd21ba2621130",
  "source_instance_count": 500,
  "source_split": "test"
}
