[pipeline] checking candidate patch
/inputs/candidate.patch:40: trailing whitespace.
                    # Group queries by their filter column to identify 
/inputs/candidate.patch:46: trailing whitespace.
                    
/inputs/candidate.patch:56: trailing whitespace.
                        
/inputs/candidate.patch:62: trailing whitespace.
                        
warning: 4 lines add whitespace errors.
[pipeline] checking generated test patch
[pipeline] executing generated test command
Creating test database for alias 'default' ('file:memorydb_default?mode=memory&cache=shared')...
test_fast_delete_combined_relationships_respects_batch_size (delete.tests.FastDeleteTests) ... Testing against Django installed in '/testbed/django' with up to 24 processes
Importing application delete
Skipping setup of unused database(s): other.
Operations to perform:
  Synchronize unmigrated apps: auth, contenttypes, delete, messages, sessions, staticfiles
  Apply all migrations: admin, sites
Synchronizing apps without migrations:
  Creating tables...
    Creating table django_content_type
    Creating table auth_permission
    Creating table auth_group
    Creating table auth_user
    Creating table django_session
    Creating table delete_r
    Creating table delete_s
    Creating table delete_t
    Creating table delete_u
    Creating table delete_rchild
    Creating table delete_rchildchild
    Creating table delete_a
    Creating table delete_m
    Creating table delete_mr
    Creating table delete_mrnull
    Creating table delete_avatar
    Creating table delete_user
    Creating table delete_hiddenuser
    Creating table delete_hiddenuserprofile
    Creating table delete_m2mto
    Creating table delete_m2mfrom
    Creating table delete_parent
    Creating table delete_child
    Creating table delete_base
    Creating table delete_reltobase
    Creating table delete_origin
    Creating table delete_referrer
    Creating table delete_secondreferrer
    Running deferred SQL...
Running migrations:
  Applying admin.0001_initial... OK
  Applying admin.0002_logentry_remove_auto_add... OK
  Applying admin.0003_logentry_add_action_flag_choices... OK
  Applying sites.0001_initial... OK
  Applying sites.0002_alter_domain_unique... OK
System check identified no issues (0 silenced).
FAIL

======================================================================
FAIL: test_fast_delete_combined_relationships_respects_batch_size (delete.tests.FastDeleteTests)
----------------------------------------------------------------------
Traceback (most recent call last):
  File "/testbed/tests/delete/tests.py", line 617, in test_fast_delete_combined_relationships_respects_batch_size
    self.assertEqual(len(deletes), expected_batches)
AssertionError: 1 != 2

----------------------------------------------------------------------
Ran 1 test in 0.035s

FAILED (failures=1)
Destroying test database for alias 'default' ('file:memorydb_default?mode=memory&cache=shared')...
[pipeline] test_exit_code=1
