[pipeline] checking candidate patch
[pipeline] checking generated test patch
[pipeline] executing generated test command
Creating test database for alias 'default'...
ETesting against Django installed in '/testbed/django' with up to 24 processes
System check identified no issues (0 silenced).

======================================================================
ERROR: test_cascade_with_select_related_base_manager (delete.tests.DeletionTests)
----------------------------------------------------------------------
Traceback (most recent call last):
  File "/testbed/tests/delete/tests.py", line 450, in test_cascade_with_select_related_base_manager
    origin.delete()
  File "/testbed/django/db/models/base.py", line 918, in delete
    collector.collect([self], keep_parents=keep_parents)
  File "/testbed/django/db/models/deletion.py", line 223, in collect
    elif sub_objs:
  File "/testbed/django/db/models/query.py", line 277, in __bool__
    self._fetch_all()
  File "/testbed/django/db/models/query.py", line 1231, in _fetch_all
    self._result_cache = list(self._iterable_class(self))
  File "/testbed/django/db/models/query.py", line 54, in __iter__
    results = compiler.execute_sql(chunked_fetch=self.chunked_fetch, chunk_size=self.chunk_size)
  File "/testbed/django/db/models/sql/compiler.py", line 1062, in execute_sql
    sql, params = self.as_sql()
  File "/testbed/django/db/models/sql/compiler.py", line 462, in as_sql
    extra_select, order_by, group_by = self.pre_sql_setup()
  File "/testbed/django/db/models/sql/compiler.py", line 49, in pre_sql_setup
    self.setup_query()
  File "/testbed/django/db/models/sql/compiler.py", line 40, in setup_query
    self.select, self.klass_info, self.annotation_col_map = self.get_select()
  File "/testbed/django/db/models/sql/compiler.py", line 229, in get_select
    related_klass_infos = self.get_related_selections(select)
  File "/testbed/django/db/models/sql/compiler.py", line 818, in get_related_selections
    only_load.get(field_model)):
  File "/testbed/django/db/models/query_utils.py", line 253, in select_related_descend
    (field.model._meta.object_name, field.name))
django.db.models.query_utils.InvalidQuery: Field SelectRelatedChild.origin cannot be both deferred and traversed using select_related at the same time.

----------------------------------------------------------------------
Ran 1 test in 0.002s

FAILED (errors=1)
Destroying test database for alias 'default'...
[pipeline] test_exit_code=1
