[pipeline] checking candidate patch
[pipeline] checking generated test patch
[pipeline] executing generated test command
Testing against Django installed in '/testbed/django' with up to 24 processes
Traceback (most recent call last):
  File "tests/runtests.py", line 564, in <module>
    options.start_at, options.start_after,
  File "tests/runtests.py", line 310, in django_tests
    extra_tests=extra_tests,
  File "/testbed/django/test/runner.py", line 646, in run_tests
    suite = self.build_suite(test_labels, extra_tests)
  File "/testbed/django/test/runner.py", line 507, in build_suite
    tests = self.test_loader.loadTestsFromName(label)
  File "/opt/miniconda3/envs/testbed/lib/python3.6/unittest/loader.py", line 153, in loadTestsFromName
    module = __import__(module_name)
  File "/testbed/tests/urlpatterns/test_resolvers.py", line 23
    with self.assertRaises(TypeError):
                                     ^
SyntaxError: unexpected EOF while parsing
[pipeline] test_exit_code=1
