[pipeline] checking candidate patch
[pipeline] checking generated test patch
[pipeline] executing generated test command
F
======================================================================
FAIL: test_simplify_regex_terminal_group_in_str_subclass (admin_docs.test_views.AdminDocViewFunctionsTests)
----------------------------------------------------------------------
Traceback (most recent call last):
  File "/testbed/tests/admin_docs/test_views.py", line 367, in test_simplify_regex_terminal_group_in_str_subclass
    self.assertEqual(simplify_regex(ShortLengthString(r'^item/(\d+)')), '/item/<var>')
AssertionError: '/item/<var>)' != '/item/<var>'
- /item/<var>)
?            -
+ /item/<var>


----------------------------------------------------------------------
Ran 1 test in 0.000s

FAILED (failures=1)
Testing against Django installed in '/testbed/django' with up to 24 processes
System check identified no issues (0 silenced).
[pipeline] test_exit_code=1
