[pipeline] checking candidate patch
[pipeline] checking generated test patch
[pipeline] executing generated test command
E
======================================================================
ERROR: test_ascii_fqdn_is_not_idna_validated (mail.test_dns_name.CachedDnsNameTests)
----------------------------------------------------------------------
Traceback (most recent call last):
  File "/opt/miniconda3/envs/testbed/lib/python3.6/encodings/idna.py", line 167, in encode
    raise UnicodeError("label too long")
UnicodeError: label too long

The above exception was the direct cause of the following exception:

Traceback (most recent call last):
  File "/opt/miniconda3/envs/testbed/lib/python3.6/unittest/mock.py", line 1183, in patched
    return func(*args, **keywargs)
  File "/testbed/tests/mail/test_dns_name.py", line 12, in test_ascii_fqdn_is_not_idna_validated
    self.assertEqual(CachedDnsName().get_fqdn(), hostname)
  File "/testbed/django/core/mail/utils.py", line 18, in get_fqdn
    self._fqdn = punycode(socket.getfqdn())
  File "/testbed/django/utils/encoding.py", line 223, in punycode
    return domain.encode('idna').decode('ascii')
UnicodeError: encoding with 'idna' codec failed (UnicodeError: label too long)

----------------------------------------------------------------------
Ran 1 test in 0.001s

FAILED (errors=1)
Testing against Django installed in '/testbed/django' with up to 24 processes
System check identified no issues (0 silenced).
[pipeline] test_exit_code=1
