$ /home/rocky/SWE-ABS/mini-swe-agent/.venv/bin/python /home/rocky/SWE-ABS/mini-swe-agent/differentiating-test-pipeline/oracle_testbank_loop_v2.py --cohort /home/rocky/SWE-ABS/mini-swe-agent/runs/spec-refinement-core-r2-negative-filter-on-v1/round-04/cohort.json --subset /home/rocky/SWE-ABS/mini-swe-agent/runs/spec-refinement-core-r2-negative-filter-on-v1/round-04/input-suite/swebench_verified_oracle_augmented.jsonl --run-root /home/rocky/SWE-ABS/mini-swe-agent/runs/spec-refinement-core-r2-negative-filter-on-v1/round-04/candidate-generation --test-bank /home/rocky/SWE-ABS/mini-swe-agent/runs/spec-refinement-core-r2-negative-filter-on-v1/constraints --stage candidates --skip-mutation-route --generation-config /home/rocky/SWE-ABS/mini-swe-agent/src/minisweagent/config/extra/livesweagent_swebench_core.yaml --require-current-suite-receipt --post-submission-validation --max-generation-attempts 3 --generation-workers 16 --evaluation-workers 16 --retry-infrastructure-failures
sympy__sympy-21612: candidate attempt 1/3
matplotlib__matplotlib-22871: candidate attempt 1/3
pydata__xarray-4356: candidate attempt 1/3
django__django-13837: candidate attempt 1/3
scikit-learn__scikit-learn-14983: candidate attempt 1/3
django__django-16454: candidate attempt 1/3
django__django-13297: candidate attempt 1/3
sympy__sympy-23413: candidate attempt 1/3
django__django-15098: candidate attempt 1/3
matplotlib__matplotlib-24627: candidate attempt 1/3
sphinx-doc__sphinx-9461: candidate attempt 1/3
sympy__sympy-13757: candidate attempt 1/3
django__django-11400: candidate attempt 1/3
matplotlib__matplotlib-14623: candidate attempt 1/3
django__django-14170: candidate attempt 1/3
django__django-16612: candidate attempt 1/3
👋 This is mini-swe-agent version 1.13.0.
Loading global config from '/home/rocky/.config/mini-swe-agent/.env'
django__django-16454: resolved
django__django-16454: candidate attempt 2/3
django__django-16612: resolved
django__django-16612: candidate attempt 2/3
matplotlib__matplotlib-22871: resolved
matplotlib__matplotlib-22871: candidate attempt 2/3
sympy__sympy-21612: resolved
sympy__sympy-21612: candidate attempt 2/3
scikit-learn__scikit-learn-14983: resolved
scikit-learn__scikit-learn-14983: candidate attempt 2/3
pydata__xarray-4356: resolved
pydata__xarray-4356: candidate attempt 2/3
django__django-11400: resolved
django__django-11400: candidate attempt 2/3
django__django-16612: resolved_duplicate_hash; exact duplicate, regenerating
django__django-16612: candidate attempt 3/3
django__django-16454: resolved
django__django-16454: candidate stage candidates_ready
sympy__sympy-12096: candidate attempt 1/3
matplotlib__matplotlib-22871: resolved
matplotlib__matplotlib-22871: candidate stage candidates_ready
django__django-15268: candidate attempt 1/3
scikit-learn__scikit-learn-14983: resolved
scikit-learn__scikit-learn-14983: candidate stage candidates_ready
django__django-11848: candidate attempt 1/3
sympy__sympy-21612: resolved
sympy__sympy-21612: candidate stage candidates_ready
matplotlib__matplotlib-25479: candidate attempt 1/3
sympy__sympy-13757: current_suite_failed
sympy__sympy-13757: candidate attempt 2/3
matplotlib__matplotlib-24627: resolved
matplotlib__matplotlib-24627: candidate attempt 2/3
django__django-13297: resolved
django__django-13297: candidate attempt 2/3
django__django-11400: resolved
django__django-11400: candidate stage candidates_ready
django__django-16661: candidate attempt 1/3
django__django-16612: resolved_duplicate_hash; exact duplicate, regenerating
django__django-16612: candidate stage candidate_generation_exhausted
matplotlib__matplotlib-24026: candidate attempt 1/3
sympy__sympy-12096: resolved
sympy__sympy-12096: candidate attempt 2/3
django__django-11848: resolved
django__django-11848: candidate attempt 2/3
pydata__xarray-4356: resolved
pydata__xarray-4356: candidate stage candidates_ready
matplotlib__matplotlib-22719: candidate attempt 1/3
matplotlib__matplotlib-14623: resolved
matplotlib__matplotlib-14623: candidate attempt 2/3
django__django-11848: resolved
django__django-11848: candidate stage candidates_ready
pydata__xarray-6744: candidate attempt 1/3
django__django-13297: current_suite_failed
django__django-13297: candidate attempt 3/3
sympy__sympy-12096: resolved
sympy__sympy-12096: candidate stage candidates_ready
django__django-11815: candidate attempt 1/3
django__django-15268: resolved
django__django-15268: candidate attempt 2/3
django__django-14170: resolved
django__django-14170: candidate attempt 2/3
matplotlib__matplotlib-22719: resolved
matplotlib__matplotlib-22719: candidate attempt 2/3
sympy__sympy-13757: current_suite_failed
sympy__sympy-13757: candidate attempt 3/3
matplotlib__matplotlib-24026: resolved
matplotlib__matplotlib-24026: candidate attempt 2/3
django__django-11815: resolved
django__django-11815: candidate attempt 2/3
django__django-15098: resolved
django__django-15098: candidate attempt 2/3
matplotlib__matplotlib-25479: resolved
matplotlib__matplotlib-25479: candidate attempt 2/3
matplotlib__matplotlib-22719: resolved
matplotlib__matplotlib-22719: candidate stage candidates_ready
sphinx-doc__sphinx-9281: candidate attempt 1/3
matplotlib__matplotlib-24627: resolved
matplotlib__matplotlib-24627: candidate stage candidates_ready
django__django-11138: candidate attempt 1/3
django__django-11815: resolved
django__django-11815: candidate stage candidates_ready
django__django-14155: candidate attempt 1/3
pydata__xarray-6744: resolved
pydata__xarray-6744: candidate attempt 2/3
django__django-15268: resolved
django__django-15268: candidate stage candidates_ready
django__django-15127: candidate attempt 1/3
django__django-14170: resolved
django__django-14170: candidate stage candidates_ready
sphinx-doc__sphinx-9281: resolved
sphinx-doc__sphinx-9281: candidate attempt 2/3
django__django-13837: current_suite_failed
django__django-13837: candidate attempt 2/3
sphinx-doc__sphinx-9461: generation_budget_exhausted
sphinx-doc__sphinx-9461: candidate attempt 2/3
sympy__sympy-13757: current_suite_failed
sympy__sympy-13757: candidate stage candidate_generation_exhausted
django__django-15127: resolved
django__django-15127: candidate attempt 2/3
django__django-14155: current_suite_failed
django__django-14155: candidate attempt 2/3
matplotlib__matplotlib-25479: resolved
matplotlib__matplotlib-25479: candidate stage candidates_ready
sphinx-doc__sphinx-9281: resolved_duplicate_hash; exact duplicate, regenerating
sphinx-doc__sphinx-9281: candidate attempt 3/3
django__django-13297: resolved
django__django-13297: candidate stage candidates_ready
django__django-15127: resolved
django__django-15127: candidate stage candidates_ready
matplotlib__matplotlib-14623: resolved
matplotlib__matplotlib-14623: candidate stage candidates_ready
django__django-14155: resolved
django__django-14155: candidate attempt 3/3
sphinx-doc__sphinx-9281: resolved
sphinx-doc__sphinx-9281: candidate stage candidates_ready
pydata__xarray-6744: resolved
pydata__xarray-6744: candidate stage candidates_ready
django__django-11138: resolved
django__django-11138: candidate attempt 2/3
sphinx-doc__sphinx-9461: resolved
sphinx-doc__sphinx-9461: candidate attempt 3/3
django__django-13837: resolved
django__django-13837: candidate attempt 3/3
django__django-14155: current_suite_failed
django__django-14155: candidate stage candidate_generation_exhausted
django__django-15098: resolved
django__django-15098: candidate stage candidates_ready
django__django-11138: resolved
django__django-11138: candidate stage candidates_ready
django__django-13837: current_suite_failed
django__django-13837: candidate stage candidate_generation_exhausted
matplotlib__matplotlib-24026: current_suite_failed
matplotlib__matplotlib-24026: candidate attempt 3/3
sympy__sympy-23413: generation_budget_exhausted
sympy__sympy-23413: candidate attempt 2/3
sympy__sympy-23413: resolved
sympy__sympy-23413: candidate attempt 3/3
sphinx-doc__sphinx-9461: resolved
sphinx-doc__sphinx-9461: candidate stage candidates_ready
matplotlib__matplotlib-24026: current_suite_failed
matplotlib__matplotlib-24026: candidate stage candidate_generation_exhausted
sympy__sympy-23413: resolved
sympy__sympy-23413: candidate stage candidates_ready
django__django-16661: generation_budget_exhausted
django__django-16661: candidate attempt 2/3
django__django-16661: resolved
django__django-16661: candidate attempt 3/3
django__django-16661: resolved
django__django-16661: candidate stage candidates_ready
{
  "candidate_generation_exhausted": 5,
  "candidates_ready": 24
}
