[pipeline] checking candidate patch
[pipeline] checking generated test patch
[pipeline] executing generated test command
Creating test database for alias 'default' ('file:memorydb_default?mode=memory&cache=shared')...
test_temporal_subtraction_explicit_output_field (expressions.tests.FTimeDeltaTests) ... ok

----------------------------------------------------------------------
Ran 1 test in 0.002s

OK
Destroying test database for alias 'default' ('file:memorydb_default?mode=memory&cache=shared')...
Testing against Django installed in '/testbed/django' with up to 24 processes
Importing application expressions
Skipping setup of unused database(s): other.
Operations to perform:
  Synchronize unmigrated apps: auth, contenttypes, expressions, messages, sessions, staticfiles
  Apply all migrations: admin, sites
Synchronizing apps without migrations:
  Creating tables...
    Creating table django_content_type
    Creating table auth_permission
    Creating table auth_group
    Creating table auth_user
    Creating table django_session
    Creating table expressions_manager
    Creating table expressions_employee
    Creating table expressions_remoteemployee
    Creating table expressions_company
    Creating table expressions_number
    Creating table expressions_ExPeRiMeNt
    Creating table expressions_result
    Creating table expressions_time
    Creating table expressions_simulationrun
    Creating table expressions_uuidpk
    Creating table expressions_uuid
    Running deferred SQL...
Running migrations:
  Applying admin.0001_initial... OK
  Applying admin.0002_logentry_remove_auto_add... OK
  Applying admin.0003_logentry_add_action_flag_choices... OK
  Applying sites.0001_initial... OK
  Applying sites.0002_alter_domain_unique... OK
System check identified no issues (0 silenced).
[pipeline] test_exit_code=0
