[pipeline] checking candidate patch
[pipeline] checking generated test patch
[pipeline] executing generated test command
Creating test database for alias 'default'...
F
======================================================================
FAIL: test_in_bulk_singleton_among_constraints_without_id_list (constraints.tests.UniqueConstraintTests)
----------------------------------------------------------------------
Traceback (most recent call last):
  File "/testbed/tests/constraints/tests.py", line 132, in test_in_bulk_singleton_among_constraints_without_id_list
    {'p1': self.p1},
AssertionError: {'p1': <UniqueConstraintProduct: UniqueConstraintProduct object (1)>} != {'p1': <UniqueConstraintProduct: UniqueConstraintProduct object (None)>}
- {'p1': <UniqueConstraintProduct: UniqueConstraintProduct object (1)>}
?                                                                  ^

+ {'p1': <UniqueConstraintProduct: UniqueConstraintProduct object (None)>}
?                                                                  ^^^^


----------------------------------------------------------------------
Ran 1 test in 0.001s

FAILED (failures=1)
Destroying test database for alias 'default'...
Testing against Django installed in '/testbed/django' with up to 24 processes
System check identified no issues (0 silenced).
[pipeline] test_exit_code=1
