[pipeline] checking candidate patch
[pipeline] checking generated test patch
[pipeline] executing generated test command
Creating test database for alias 'default'...
F
======================================================================
FAIL: test_choices_radio_blank_default_widget (model_forms.test_modelchoicefield.ModelChoiceFieldTests)
----------------------------------------------------------------------
Traceback (most recent call last):
  File "/testbed/tests/model_forms/test_modelchoicefield.py", line 150, in test_choices_radio_blank_default_widget
    (self.c3.pk, 'Third'),
AssertionError: Lists differ: [('', '---------'), (<django.forms.models.M[232 chars]rd')] != [(1, 'Entertainment'), (2, 'A test'), (3, 'Third')]

First differing element 0:
('', '---------')
(1, 'Entertainment')

First list contains 1 additional elements.
First extra element 3:
(<django.forms.models.ModelChoiceIteratorValue object at 0x74ed49993208>, 'Third')

+ [(1, 'Entertainment'), (2, 'A test'), (3, 'Third')]
- [('', '---------'),
-  (<django.forms.models.ModelChoiceIteratorValue object at 0x74ed498aa2e8>,
-   'Entertainment'),
-  (<django.forms.models.ModelChoiceIteratorValue object at 0x74ed49899e80>,
-   'A test'),
-  (<django.forms.models.ModelChoiceIteratorValue object at 0x74ed49993208>,
-   'Third')]

----------------------------------------------------------------------
Ran 1 test in 0.002s

FAILED (failures=1)
Destroying test database for alias 'default'...
Testing against Django installed in '/testbed/django' with up to 24 processes
System check identified no issues (0 silenced).
[pipeline] test_exit_code=1
