[pipeline] checking candidate patch
[pipeline] checking generated test patch
[pipeline] executing generated test command
<frozen importlib._bootstrap>:228: RuntimeWarning: numpy.ndarray size changed, may indicate binary incompatibility. Expected 80 from C header, got 96 from PyObject
Internet access disabled
[31mF[0m[31m                                                                        [100%][0m
=================================== FAILURES ===================================
[31m[1m___________________ test_unmasked_sum_with_unit_has_no_mask ____________________[0m

    def test_unmasked_sum_with_unit_has_no_mask():
>       result = NDDataRef([[1, 2], [3, 4]], unit=u.m).sum(axis=0)

[1m[31mastropy/nddata/mixins/tests/test_ndarithmetic.py[0m:1316: 
_ _ _ _ _ _ _ _ _ _ _ _ _ _ _ _ _ _ _ _ _ _ _ _ _ _ _ _ _ _ _ _ _ _ _ _ _ _ _ _ 
[1m[31mastropy/nddata/mixins/ndarithmetic.py[0m:631: in sum
    return self._prepare_then_do_arithmetic(np.sum, **kwargs)
[1m[31mastropy/nddata/mixins/ndarithmetic.py[0m:743: in _prepare_then_do_arithmetic
    result, init_kwds = self_or_cls._arithmetic(
[1m[31mastropy/nddata/mixins/ndarithmetic.py[0m:335: in _arithmetic
    kwargs["mask"] = self._arithmetic_mask(
_ _ _ _ _ _ _ _ _ _ _ _ _ _ _ _ _ _ _ _ _ _ _ _ _ _ _ _ _ _ _ _ _ _ _ _ _ _ _ _ 

self = NDDataRef([[1, 2],
           [3, 4]], unit='m')
operation = <function sum at 0x7df9051c64f0>, operand = None
handle_mask = <ufunc 'logical_or'>, axis = 0, kwds = {}

    def _arithmetic_mask(self, operation, operand, handle_mask, axis=None, **kwds):
        """
        Calculate the resulting mask.
    
        This is implemented as the piecewise ``or`` operation if both have a
        mask.
    
        Parameters
        ----------
        operation : callable
            see :meth:`NDArithmeticMixin._arithmetic` parameter description.
            By default, the ``operation`` will be ignored.
    
        operand : `NDData`-like instance
            The second operand wrapped in an instance of the same class as
            self.
    
        handle_mask : callable
            see :meth:`NDArithmeticMixin.add`
    
        kwds :
            Additional parameters given to ``handle_mask``.
    
        Returns
        -------
        result_mask : any type
            If only one mask was present this mask is returned.
            If neither had a mask ``None`` is returned. Otherwise
            ``handle_mask`` must create (and copy) the returned mask.
        """
        # If only one mask is present we need not bother about any type checks
        if (
            self.mask is None and operand is not None and operand.mask is None
        ) or handle_mask is None:
            return None
        elif self.mask is None and operand is not None:
            # Make a copy so there is no reference in the result.
            return deepcopy(operand.mask)
>       elif operand.mask is None:
[1m[31mE       AttributeError: 'NoneType' object has no attribute 'mask'[0m

[1m[31mastropy/nddata/mixins/ndarithmetic.py[0m:523: AttributeError
[36m[1m=========================== short test summary info ============================[0m
[31mFAILED[0m astropy/nddata/mixins/tests/test_ndarithmetic.py::[1mtest_unmasked_sum_with_unit_has_no_mask[0m - AttributeError: 'NoneType' object has no attribute 'mask'
[31m[31m[1m1 failed[0m[31m in 0.29s[0m[0m
[pipeline] test_exit_code=1
