[pipeline] checking candidate patch
[pipeline] checking generated test patch
[pipeline] executing generated test command
Creating test database for alias 'default'...
E
======================================================================
ERROR: test_inline_change_m2m_private_method_name_collision (admin_inlines.tests.TestInlinePermissions)
----------------------------------------------------------------------
Traceback (most recent call last):
  File "/testbed/tests/admin_inlines/tests.py", line 623, in test_inline_change_m2m_private_method_name_collision
    self.assertIs(inline.has_change_permission(request), True)
  File "/testbed/django/contrib/admin/options.py", line 2129, in has_change_permission
    return self._has_change_permission(request, obj)
TypeError: _has_change_permission() takes 2 positional arguments but 3 were given

----------------------------------------------------------------------
Ran 1 test in 0.031s

FAILED (errors=1)
Destroying test database for alias 'default'...
Testing against Django installed in '/testbed/django' with up to 24 processes
System check identified no issues (0 silenced).
[pipeline] test_exit_code=1
