[pipeline] checking candidate patch
[pipeline] checking generated test patch
[pipeline] executing generated test command
Testing against Django installed in '/testbed/django' with up to 24 processes
System check identified no issues (0 silenced).
E
======================================================================
ERROR: test_foreign_key_deconstruct_dotted_mixed_case_app_label (field_deconstruction.tests.FieldDeconstructionTests)
----------------------------------------------------------------------
Traceback (most recent call last):
  File "/testbed/django/test/utils.py", line 381, in inner
    return func(*args, **kwargs)
  File "/testbed/tests/field_deconstruction/tests.py", line 204, in test_foreign_key_deconstruct_dotted_mixed_case_app_label
    _, _, _, kwargs = reconstructed.deconstruct()
  File "/testbed/django/db/models/fields/related.py", line 875, in deconstruct
    name, path, args, kwargs = super().deconstruct()
  File "/testbed/django/db/models/fields/related.py", line 586, in deconstruct
    app_label, model_name = self.remote_field.model.split('.')
ValueError: too many values to unpack (expected 2)

----------------------------------------------------------------------
Ran 1 test in 0.001s

FAILED (errors=1)
[pipeline] test_exit_code=1
