[pipeline] checking candidate patch
[pipeline] checking generated test patch
[pipeline] executing generated test command
F
======================================================================
FAIL: test_json_display_for_field_custom_encoder (admin_utils.tests.UtilsTests)
----------------------------------------------------------------------
Traceback (most recent call last):
  File "/testbed/tests/admin_utils/tests.py", line 184, in test_json_display_for_field_custom_encoder
    '"1.5"',
AssertionError: '1.5' != '"1.5"'
- 1.5
+ "1.5"
? +   +


----------------------------------------------------------------------
Ran 1 test in 0.000s

FAILED (failures=1)
Testing against Django installed in '/testbed/django' with up to 24 processes
System check identified no issues (0 silenced).
[pipeline] test_exit_code=1
