[pipeline] checking candidate patch
[pipeline] checking generated test patch
[pipeline] executing generated test command
Creating test database for alias 'default' ('file:memorydb_default?mode=memory&cache=shared')...
Creating test database for alias 'other' ('file:memorydb_other?mode=memory&cache=shared')...
test_execute_sql_flush_rolls_back_on_connection_alias (backends.base.test_operations.SqlFlushTests) ... ok

----------------------------------------------------------------------
Ran 1 test in 0.018s

OK
Destroying test database for alias 'default' ('file:memorydb_default?mode=memory&cache=shared')...
Destroying test database for alias 'other' ('file:memorydb_other?mode=memory&cache=shared')...
Testing against Django installed in '/testbed/django' with up to 24 processes
Importing application backends
Operations to perform:
  Synchronize unmigrated apps: auth, backends, contenttypes, messages, sessions, staticfiles
  Apply all migrations: admin, sites
Synchronizing apps without migrations:
  Creating tables...
    Creating table django_content_type
    Creating table auth_permission
    Creating table auth_group
    Creating table auth_user
    Creating table django_session
    Creating table backends_square
    Creating table backends_person
    Creating table backends_schoolclass
    Creating table backends_verylongmodelnamezzzzzzzzzzzzzzzzzzzzzzzzzzzzzzzzzzzzzzzzzz
    Creating table backends_tag
    Creating table CaseSensitive_Post
    Creating table backends_reporter
    Creating table backends_article
    Creating table backends_item
    Creating table backends_object
    Creating table backends_objectreference
    Creating table backends_objectselfreference
    Creating table backends_circulara
    Creating table backends_circularb
    Creating table backends_rawdata
    Creating table backends_author
    Creating table backends_book
    Running deferred SQL...
Running migrations:
  Applying admin.0001_initial... OK
  Applying admin.0002_logentry_remove_auto_add... OK
  Applying admin.0003_logentry_add_action_flag_choices... OK
  Applying sites.0001_initial... OK
  Applying sites.0002_alter_domain_unique... OK
Operations to perform:
  Synchronize unmigrated apps: auth, backends, contenttypes, messages, sessions, staticfiles
  Apply all migrations: admin, sites
Synchronizing apps without migrations:
  Creating tables...
    Creating table django_content_type
    Creating table auth_permission
    Creating table auth_group
    Creating table auth_user
    Creating table django_session
    Creating table backends_square
    Creating table backends_person
    Creating table backends_schoolclass
    Creating table backends_verylongmodelnamezzzzzzzzzzzzzzzzzzzzzzzzzzzzzzzzzzzzzzzzzz
    Creating table backends_tag
    Creating table CaseSensitive_Post
    Creating table backends_reporter
    Creating table backends_article
    Creating table backends_item
    Creating table backends_object
    Creating table backends_objectreference
    Creating table backends_objectselfreference
    Creating table backends_circulara
    Creating table backends_circularb
    Creating table backends_rawdata
    Creating table backends_author
    Creating table backends_book
    Running deferred SQL...
Running migrations:
  Applying admin.0001_initial... OK
  Applying admin.0002_logentry_remove_auto_add... OK
  Applying admin.0003_logentry_add_action_flag_choices... OK
  Applying sites.0001_initial... OK
  Applying sites.0002_alter_domain_unique... OK
System check identified no issues (0 silenced).
[pipeline] test_exit_code=0
