[pipeline] checking candidate patch
[pipeline] checking generated test patch
[pipeline] executing generated test command
Creating test database for alias 'default'...
Creating test database for alias 'other'...
FTesting against Django installed in '/testbed/django' with up to 24 processes
System check identified no issues (0 silenced).

======================================================================
FAIL: test_showmigrations_empty_namespace_package (migrations.test_commands.MigrateTests)
An empty namespace migration package is listed like a regular one.
----------------------------------------------------------------------
Traceback (most recent call last):
  File "/testbed/django/test/utils.py", line 370, in inner
    return func(*args, **kwargs)
  File "/testbed/tests/migrations/test_commands.py", line 389, in test_showmigrations_empty_namespace_package
    self.assertEqual('migrations\n (no migrations)\n', out.getvalue().lower())
AssertionError: 'migrations\n (no migrations)\n' != ''
- migrations
-  (no migrations)


----------------------------------------------------------------------
Ran 1 test in 0.005s

FAILED (failures=1)
Destroying test database for alias 'default'...
Destroying test database for alias 'other'...
[pipeline] test_exit_code=1
