sympy__sympy-21612: candidate attempt 1/3
matplotlib__matplotlib-22871: candidate attempt 1/3
pydata__xarray-4356: candidate attempt 1/3
scikit-learn__scikit-learn-13496: candidate attempt 1/3
django__django-13837: candidate attempt 1/3
scikit-learn__scikit-learn-14983: candidate attempt 1/3
django__django-16454: candidate attempt 1/3
pylint-dev__pylint-6386: candidate attempt 1/3
django__django-15741: candidate attempt 1/3
sphinx-doc__sphinx-11445: candidate attempt 1/3
sphinx-doc__sphinx-9258: candidate attempt 1/3
django__django-13297: candidate attempt 1/3
sympy__sympy-23413: candidate attempt 1/3
django__django-15098: candidate attempt 1/3
matplotlib__matplotlib-24627: candidate attempt 1/3
sphinx-doc__sphinx-9461: candidate attempt 1/3
👋 This is mini-swe-agent version 1.13.0.
Loading global config from '/home/rocky/.config/mini-swe-agent/.env'
scikit-learn__scikit-learn-13496: resolved
scikit-learn__scikit-learn-13496: candidate attempt 2/3
sphinx-doc__sphinx-9258: resolved
sphinx-doc__sphinx-9258: candidate attempt 2/3
sphinx-doc__sphinx-11445: resolved
sphinx-doc__sphinx-11445: candidate attempt 2/3
django__django-15741: resolved
django__django-15741: candidate attempt 2/3
pydata__xarray-4356: resolved
pydata__xarray-4356: candidate attempt 2/3
django__django-16454: resolved
django__django-16454: candidate attempt 2/3
matplotlib__matplotlib-22871: resolved
matplotlib__matplotlib-22871: candidate attempt 2/3
django__django-15098: resolved
django__django-15098: candidate attempt 2/3
scikit-learn__scikit-learn-14983: resolved
scikit-learn__scikit-learn-14983: candidate attempt 2/3
django__django-13837: resolved
django__django-13837: candidate attempt 2/3
scikit-learn__scikit-learn-13496: resolved_duplicate_hash; exact duplicate, regenerating
scikit-learn__scikit-learn-13496: candidate attempt 3/3
sympy__sympy-21612: resolved
sympy__sympy-21612: candidate attempt 2/3
sphinx-doc__sphinx-11445: resolved
sphinx-doc__sphinx-11445: candidate stage candidates_ready
psf__requests-1142: candidate attempt 1/3
django__django-13297: resolved
django__django-13297: candidate attempt 2/3
django__django-15741: resolved_duplicate_hash; exact duplicate, regenerating
django__django-15741: candidate attempt 3/3
sphinx-doc__sphinx-9258: resolved_duplicate_hash; exact duplicate, regenerating
sphinx-doc__sphinx-9258: candidate attempt 3/3
pylint-dev__pylint-6386: current_suite_failed
pylint-dev__pylint-6386: candidate attempt 2/3
matplotlib__matplotlib-22871: resolved
matplotlib__matplotlib-22871: candidate stage candidates_ready
sympy__sympy-13757: candidate attempt 1/3
matplotlib__matplotlib-24627: resolved
matplotlib__matplotlib-24627: candidate attempt 2/3
psf__requests-1142: resolved
psf__requests-1142: candidate attempt 2/3
django__django-16454: resolved
django__django-16454: candidate stage candidates_ready
pytest-dev__pytest-7205: candidate attempt 1/3
scikit-learn__scikit-learn-13496: resolved_duplicate_hash; exact duplicate, regenerating
scikit-learn__scikit-learn-13496: candidate stage candidate_generation_exhausted
django__django-11400: candidate attempt 1/3
django__django-15741: resolved_duplicate_hash; exact duplicate, regenerating
django__django-15741: candidate stage candidate_generation_exhausted
matplotlib__matplotlib-14623: candidate attempt 1/3
django__django-13837: resolved
django__django-13837: candidate stage candidates_ready
pylint-dev__pylint-8898: candidate attempt 1/3
scikit-learn__scikit-learn-14983: resolved
scikit-learn__scikit-learn-14983: candidate stage candidates_ready
django__django-14170: candidate attempt 1/3
pytest-dev__pytest-7205: resolved
pytest-dev__pytest-7205: candidate attempt 2/3
psf__requests-1142: resolved_duplicate_hash; exact duplicate, regenerating
psf__requests-1142: candidate attempt 3/3
sympy__sympy-21612: resolved
sympy__sympy-21612: candidate stage candidates_ready
django__django-16612: candidate attempt 1/3
pytest-dev__pytest-7205: resolved_duplicate_hash; exact duplicate, regenerating
pytest-dev__pytest-7205: candidate attempt 3/3
pylint-dev__pylint-6386: current_suite_failed
pylint-dev__pylint-6386: candidate attempt 3/3
sympy__sympy-23413: resolved
sympy__sympy-23413: candidate attempt 2/3
sphinx-doc__sphinx-9258: resolved_duplicate_hash; exact duplicate, regenerating
sphinx-doc__sphinx-9258: candidate stage candidate_generation_exhausted
sympy__sympy-12096: candidate attempt 1/3
psf__requests-1142: resolved_duplicate_hash; exact duplicate, regenerating
psf__requests-1142: candidate stage candidate_generation_exhausted
django__django-15268: candidate attempt 1/3
pylint-dev__pylint-8898: resolved
pylint-dev__pylint-8898: candidate attempt 2/3
matplotlib__matplotlib-24627: resolved
matplotlib__matplotlib-24627: candidate stage candidates_ready
django__django-11848: candidate attempt 1/3
pytest-dev__pytest-7205: resolved_duplicate_hash; exact duplicate, regenerating
pytest-dev__pytest-7205: candidate stage candidate_generation_exhausted
matplotlib__matplotlib-25479: candidate attempt 1/3
sympy__sympy-12096: resolved
sympy__sympy-12096: candidate attempt 2/3
sympy__sympy-13757: resolved
sympy__sympy-13757: candidate attempt 2/3
sympy__sympy-23413: resolved
sympy__sympy-23413: candidate stage candidates_ready
django__django-16661: candidate attempt 1/3
pylint-dev__pylint-6386: current_suite_failed
pylint-dev__pylint-6386: candidate stage candidate_generation_exhausted
matplotlib__matplotlib-24026: candidate attempt 1/3
pydata__xarray-4356: resolved
pydata__xarray-4356: candidate stage candidates_ready
scikit-learn__scikit-learn-13135: candidate attempt 1/3
django__django-14170: unresolved
django__django-14170: candidate attempt 2/3
django__django-11400: current_suite_failed
django__django-11400: candidate attempt 2/3
django__django-11848: resolved
django__django-11848: candidate attempt 2/3
django__django-15268: resolved
django__django-15268: candidate attempt 2/3
scikit-learn__scikit-learn-13135: resolved
scikit-learn__scikit-learn-13135: candidate attempt 2/3
matplotlib__matplotlib-14623: resolved
matplotlib__matplotlib-14623: candidate attempt 2/3
sympy__sympy-12096: resolved
sympy__sympy-12096: candidate stage candidates_ready
django__django-15128: candidate attempt 1/3
scikit-learn__scikit-learn-13135: resolved_duplicate_hash; exact duplicate, regenerating
scikit-learn__scikit-learn-13135: candidate attempt 3/3
django__django-11400: resolved
django__django-11400: candidate attempt 3/3
sympy__sympy-13757: resolved
sympy__sympy-13757: candidate stage candidates_ready
matplotlib__matplotlib-22719: candidate attempt 1/3
scikit-learn__scikit-learn-13135: resolved_duplicate_hash; exact duplicate, regenerating
scikit-learn__scikit-learn-13135: candidate stage candidate_generation_exhausted
pydata__xarray-6744: candidate attempt 1/3
django__django-11848: resolved
django__django-11848: candidate stage candidates_ready
sympy__sympy-21596: candidate attempt 1/3
matplotlib__matplotlib-24026: resolved
matplotlib__matplotlib-24026: candidate attempt 2/3
matplotlib__matplotlib-25479: resolved
matplotlib__matplotlib-25479: candidate attempt 2/3
django__django-13297: current_suite_failed
django__django-13297: candidate attempt 3/3
pylint-dev__pylint-8898: candidate stage infrastructure_failed
django__django-11815: candidate attempt 1/3
matplotlib__matplotlib-22719: resolved
matplotlib__matplotlib-22719: candidate attempt 2/3
sphinx-doc__sphinx-9461: generation_budget_exhausted
sphinx-doc__sphinx-9461: candidate attempt 2/3
django__django-15268: resolved
django__django-15268: candidate stage candidates_ready
sphinx-doc__sphinx-9281: candidate attempt 1/3
django__django-11400: resolved
django__django-11400: candidate stage candidates_ready
sphinx-doc__sphinx-9230: candidate attempt 1/3
django__django-16661: resolved
django__django-16661: candidate attempt 2/3
django__django-14170: resolved
django__django-14170: candidate attempt 3/3
pydata__xarray-6744: resolved
pydata__xarray-6744: candidate attempt 2/3
matplotlib__matplotlib-14623: resolved
matplotlib__matplotlib-14623: candidate stage candidates_ready
django__django-11138: candidate attempt 1/3
matplotlib__matplotlib-22719: resolved
matplotlib__matplotlib-22719: candidate stage candidates_ready
django__django-14155: candidate attempt 1/3
sphinx-doc__sphinx-9281: resolved
sphinx-doc__sphinx-9281: candidate attempt 2/3
django__django-11815: current_suite_failed
django__django-11815: candidate attempt 2/3
sphinx-doc__sphinx-9230: current_suite_failed
sphinx-doc__sphinx-9230: candidate attempt 2/3
django__django-13297: resolved
django__django-13297: candidate stage candidates_ready
django__django-15127: candidate attempt 1/3
matplotlib__matplotlib-24026: resolved
matplotlib__matplotlib-24026: candidate stage candidates_ready
django__django-11163: candidate attempt 1/3
django__django-15098: resolved
django__django-15098: candidate stage candidates_ready
sphinx-doc__sphinx-9281: resolved
sphinx-doc__sphinx-9281: candidate stage candidates_ready
matplotlib__matplotlib-25479: resolved
matplotlib__matplotlib-25479: candidate stage candidates_ready
django__django-11815: resolved
django__django-11815: candidate attempt 3/3
sphinx-doc__sphinx-9230: resolved
sphinx-doc__sphinx-9230: candidate attempt 3/3
django__django-15127: resolved
django__django-15127: candidate attempt 2/3
django__django-14170: resolved
django__django-14170: candidate stage candidates_ready
django__django-11163: resolved
django__django-11163: candidate attempt 2/3
django__django-16661: current_suite_failed
django__django-16661: candidate attempt 3/3
django__django-14155: unresolved
django__django-14155: candidate attempt 2/3
django__django-11815: resolved
django__django-11815: candidate stage candidates_ready
django__django-16612: resolved
django__django-16612: candidate attempt 2/3
django__django-15127: resolved
django__django-15127: candidate stage candidates_ready
django__django-11138: resolved
django__django-11138: candidate attempt 2/3
django__django-11163: resolved_duplicate_hash; exact duplicate, regenerating
django__django-11163: candidate attempt 3/3
django__django-14155: resolved
django__django-14155: candidate attempt 3/3
django__django-16661: resolved
django__django-16661: candidate stage candidates_ready
django__django-16612: resolved
django__django-16612: candidate stage candidates_ready
sphinx-doc__sphinx-9461: resolved
sphinx-doc__sphinx-9461: candidate attempt 3/3
sphinx-doc__sphinx-9230: current_suite_failed
sphinx-doc__sphinx-9230: candidate stage candidate_generation_exhausted
django__django-11163: resolved_duplicate_hash; exact duplicate, regenerating
django__django-11163: candidate stage candidate_generation_exhausted
django__django-11138: resolved
django__django-11138: candidate stage candidates_ready
django__django-14155: resolved
django__django-14155: candidate stage candidates_ready
sympy__sympy-21596: unresolved
sympy__sympy-21596: candidate attempt 2/3
sphinx-doc__sphinx-9461: resolved
sphinx-doc__sphinx-9461: candidate stage candidates_ready
pydata__xarray-6744: current_suite_failed
pydata__xarray-6744: candidate attempt 3/3
sympy__sympy-21596: unresolved
sympy__sympy-21596: candidate attempt 3/3
django__django-15128: current_suite_failed
django__django-15128: candidate attempt 2/3
sympy__sympy-21596: current_suite_failed
sympy__sympy-21596: candidate stage candidate_generation_exhausted
pydata__xarray-6744: resolved
pydata__xarray-6744: candidate stage candidates_ready
django__django-15128: current_suite_failed
django__django-15128: candidate attempt 3/3
django__django-15128: candidate stage infrastructure_failed
{
  "candidate_generation_exhausted": 10,
  "candidates_ready": 30,
  "infrastructure_failed": 2
}
