[pipeline] checking candidate patch
[pipeline] checking generated test patch
[pipeline] executing generated test command
ETesting against Django installed in '/testbed/django' with up to 24 processes
System check identified no issues (0 silenced).

======================================================================
ERROR: test_delete_cookie_supports_strict_set_cookie_override (responses.test_cookie.DeleteCookieTests)
----------------------------------------------------------------------
Traceback (most recent call last):
  File "/testbed/tests/responses/test_cookie.py", line 132, in test_delete_cookie_supports_strict_set_cookie_override
    response.delete_cookie('c')
  File "/testbed/django/http/response.py", line 224, in delete_cookie
    expires='Thu, 01 Jan 1970 00:00:00 GMT', samesite=samesite,
  File "/testbed/tests/responses/test_cookie.py", line 126, in set_cookie
    raise TypeError('secure must be a boolean')
TypeError: secure must be a boolean

----------------------------------------------------------------------
Ran 1 test in 0.001s

FAILED (errors=1)
[pipeline] test_exit_code=1
