[pipeline] checking candidate patch
[pipeline] checking generated test patch
[pipeline] executing generated test command
Creating test database for alias 'default'...
ETesting against Django installed in '/testbed/django' with up to 24 processes
System check identified no issues (0 silenced).

======================================================================
ERROR: test_unwrapped_function_in_parent_ordering (ordering.test_related_expression_ordering.RelatedExpressionOrderingTests)
----------------------------------------------------------------------
Traceback (most recent call last):
  File "/testbed/tests/ordering/test_related_expression_ordering.py", line 26, in test_unwrapped_function_in_parent_ordering
    self.assertEqual(list(names), ['alpha', 'Zebra'])
  File "/testbed/django/db/models/query.py", line 276, in __iter__
    self._fetch_all()
  File "/testbed/django/db/models/query.py", line 1240, in _fetch_all
    self._result_cache = list(self._iterable_class(self))
  File "/testbed/django/db/models/query.py", line 184, in __iter__
    for row in compiler.results_iter(chunked_fetch=self.chunked_fetch, chunk_size=self.chunk_size):
  File "/testbed/django/db/models/sql/compiler.py", line 1050, in results_iter
    results = self.execute_sql(MULTI, chunked_fetch=chunked_fetch, chunk_size=chunk_size)
  File "/testbed/django/db/models/sql/compiler.py", line 1085, in execute_sql
    sql, params = self.as_sql()
  File "/testbed/django/db/models/sql/compiler.py", line 480, in as_sql
    extra_select, order_by, group_by = self.pre_sql_setup()
  File "/testbed/django/db/models/sql/compiler.py", line 53, in pre_sql_setup
    order_by = self.get_order_by()
  File "/testbed/django/db/models/sql/compiler.py", line 330, in get_order_by
    field, self.query.get_meta(), default_order=asc))
  File "/testbed/django/db/models/sql/compiler.py", line 729, in find_ordering_name
    order, already_seen))
  File "/testbed/django/db/models/sql/compiler.py", line 707, in find_ordering_name
    name, order = get_order_dir(name, default_order)
  File "/testbed/django/db/models/sql/query.py", line 2221, in get_order_dir
    if field[0] == '-':
TypeError: 'Lower' object does not support indexing

----------------------------------------------------------------------
Ran 1 test in 0.002s

FAILED (errors=1)
Destroying test database for alias 'default'...
[pipeline] test_exit_code=1
