[pipeline] checking candidate patch
[pipeline] checking generated test patch
[pipeline] executing generated test command
ETesting against Django installed in '/testbed/django' with up to 24 processes
System check identified no issues (0 silenced).

======================================================================
ERROR: test_sha1_session_decodes_after_algorithm_switch (sessions_tests.tests.CookieSessionTests)
----------------------------------------------------------------------
Traceback (most recent call last):
  File "/testbed/django/test/utils.py", line 378, in inner
    with self as context:
  File "/testbed/django/test/utils.py", line 336, in __enter__
    return self.enable()
  File "/testbed/django/test/utils.py", line 416, in enable
    setattr(override, key, new_value)
  File "/testbed/django/conf/__init__.py", line 254, in __setattr__
    warnings.warn(DEFAULT_HASHING_ALGORITHM_DEPRECATED_MSG, RemovedInDjango40Warning)
django.utils.deprecation.RemovedInDjango40Warning: The DEFAULT_HASHING_ALGORITHM transitional setting is deprecated. Support for it and tokens, cookies, sessions, and signatures that use SHA-1 hashing algorithm will be removed in Django 4.0.

----------------------------------------------------------------------
Ran 1 test in 0.000s

FAILED (errors=1)
[pipeline] test_exit_code=1
