[pipeline] checking candidate patch
[pipeline] checking generated test patch
[pipeline] executing generated test command
ETesting against Django installed in '/testbed/django' with up to 24 processes
System check identified no issues (0 silenced).

======================================================================
ERROR: test_str_without_opclasses (backends.test_ddl_references.IndexColumnsTests)
----------------------------------------------------------------------
Traceback (most recent call last):
  File "/testbed/tests/backends/test_ddl_references.py", line 66, in test_str_without_opclasses
    self.assertEqual(str(reference), 'FIRST_COLUMN, SECOND_COLUMN DESC')
  File "/testbed/django/db/backends/ddl_references.py", line 128, in __str__
    return ', '.join(col_str(column, idx) for idx, column in enumerate(self.columns))
  File "/testbed/django/db/backends/ddl_references.py", line 128, in <genexpr>
    return ', '.join(col_str(column, idx) for idx, column in enumerate(self.columns))
  File "/testbed/django/db/backends/ddl_references.py", line 119, in col_str
    col = '{} {}'.format(self.quote_name(column), self.opclasses[idx])
IndexError: tuple index out of range

----------------------------------------------------------------------
Ran 1 test in 0.000s

FAILED (errors=1)
[pipeline] test_exit_code=1
