[pipeline] checking candidate patch
[pipeline] checking generated test patch
[pipeline] executing generated test command
F                                                                        [100%]
=================================== FAILURES ===================================
_________________ test_property_subclass_behavior_is_preserved _________________

    def test_property_subclass_behavior_is_preserved():
        class IncrementedProperty(property):
            def __get__(self, instance, owner=None):
                if instance is None:
                    return self
                return super().__get__(instance, owner) + 1
    
        class Base(metaclass=InheritDocstrings):
            @IncrementedProperty
            def value(self):
                """The documented value."""
                return 10
    
        class Subclass(Base):
            @IncrementedProperty
            def value(self):
                return 20
    
        assert Subclass.value.__doc__ == "The documented value."
>       assert Subclass().value == 21
E       AssertionError: assert 20 == 21
E        +  where 20 = <astropy.utils.tests.test_inherit_docstrings_property.test_property_subclass_behavior_is_preserved.<locals>.Subclass object at 0x76d434338e48>.value
E        +    where <astropy.utils.tests.test_inherit_docstrings_property.test_property_subclass_behavior_is_preserved.<locals>.Subclass object at 0x76d434338e48> = <class 'astropy.utils.tests.test_inherit_docstrings_property.test_property_subclass_behavior_is_preserved.<locals>.Subclass'>()

astropy/utils/tests/test_inherit_docstrings_property.py:23: AssertionError
=============================== warnings summary ===============================
None
  Module already imported so cannot be rewritten: astropy.tests.plugins.display

-- Docs: http://doc.pytest.org/en/latest/warnings.html
1 failed, 1 warnings in 0.01 seconds
[pipeline] test_exit_code=1
